Component: ARM Compiler 5.06 update 6 (build 750) Tool: armlink [4d35ed]

==============================================================================

Section Cross References

    main.o(i.CTL_task) refers to os_q.o(i.OSQPend) for OSQPend
    main.o(i.CTL_task) refers to noretval__2printf.o(.text) for __2printf
    main.o(i.CTL_task) refers to h1_free.o(.text) for free
    main.o(i.CTL_task) refers to h1_alloc.o(.text) for malloc
    main.o(i.CTL_task) refers to os_q.o(i.OSQPost) for OSQPost
    main.o(i.CTL_task) refers to delay.o(i.delay_ms) for delay_ms
    main.o(i.CTL_task) refers to main.o(.data) for KeyScan_Msg_Event
    main.o(i.ELEVATOR_task) refers to os_q.o(i.OSQPost) for OSQPost
    main.o(i.ELEVATOR_task) refers to os_q.o(i.OSQPend) for OSQPend
    main.o(i.ELEVATOR_task) refers to noretval__2printf.o(.text) for __2printf
    main.o(i.ELEVATOR_task) refers to delay.o(i.delay_ms) for delay_ms
    main.o(i.ELEVATOR_task) refers to h1_free.o(.text) for free
    main.o(i.ELEVATOR_task) refers to main.o(.constdata) for .constdata
    main.o(i.ELEVATOR_task) refers to main.o(.data) for ELEV_Msg_Event
    main.o(i.KEYSCAN_task) refers to led.o(i.KEY_Scan) for KEY_Scan
    main.o(i.KEYSCAN_task) refers to h1_alloc.o(.text) for malloc
    main.o(i.KEYSCAN_task) refers to os_q.o(i.OSQPost) for OSQPost
    main.o(i.KEYSCAN_task) refers to delay.o(i.delay_ms) for delay_ms
    main.o(i.KEYSCAN_task) refers to main.o(.data) for KeyScan_Msg_Event
    main.o(i.main) refers to misc.o(i.NVIC_PriorityGroupConfig) for NVIC_PriorityGroupConfig
    main.o(i.main) refers to delay.o(i.delay_init) for delay_init
    main.o(i.main) refers to led.o(i.LED_Init) for LED_Init
    main.o(i.main) refers to usart.o(i.uart_init) for uart_init
    main.o(i.main) refers to os_core.o(i.OSInit) for OSInit
    main.o(i.main) refers to os_q.o(i.OSQCreate) for OSQCreate
    main.o(i.main) refers to os_task.o(i.OSTaskCreate) for OSTaskCreate
    main.o(i.main) refers to os_core.o(i.OSStart) for OSStart
    main.o(i.main) refers to main.o(.bss) for KeyScanMessagePtr
    main.o(i.main) refers to main.o(.data) for KeyScan_Msg_Event
    main.o(i.main) refers to main.o(i.KEYSCAN_task) for KEYSCAN_task
    main.o(i.main) refers to main.o(i.CTL_task) for CTL_task
    main.o(i.main) refers to main.o(i.ELEVATOR_task) for ELEVATOR_task
    system_stm32f10x.o(i.SetSysClock) refers to system_stm32f10x.o(i.SetSysClockTo72) for SetSysClockTo72
    system_stm32f10x.o(i.SystemCoreClockUpdate) refers to system_stm32f10x.o(.data) for SystemCoreClock
    system_stm32f10x.o(i.SystemInit) refers to system_stm32f10x.o(i.SetSysClock) for SetSysClock
    led.o(i.KEY_Scan) refers to delay.o(i.delay_ms) for delay_ms
    led.o(i.KEY_Scan) refers to led.o(.data) for key_up
    led.o(i.LED_Init) refers to stm32f10x_rcc.o(i.RCC_APB2PeriphClockCmd) for RCC_APB2PeriphClockCmd
    led.o(i.LED_Init) refers to stm32f10x_gpio.o(i.GPIO_Init) for GPIO_Init
    led.o(i.LED_Init) refers to stm32f10x_gpio.o(i.GPIO_ResetBits) for GPIO_ResetBits
    delay.o(i.SysTick_Handler) refers to os_core.o(i.OSIntEnter) for OSIntEnter
    delay.o(i.SysTick_Handler) refers to os_core.o(i.OSTimeTick) for OSTimeTick
    delay.o(i.SysTick_Handler) refers to os_core.o(i.OSIntExit) for OSIntExit
    delay.o(i.SysTick_Handler) refers to os_core.o(.data) for OSRunning
    delay.o(i.delay_init) refers to misc.o(i.SysTick_CLKSourceConfig) for SysTick_CLKSourceConfig
    delay.o(i.delay_init) refers to system_stm32f10x.o(.data) for SystemCoreClock
    delay.o(i.delay_init) refers to delay.o(.data) for fac_us
    delay.o(i.delay_ms) refers to delay.o(i.delay_ostimedly) for delay_ostimedly
    delay.o(i.delay_ms) refers to delay.o(i.delay_us) for delay_us
    delay.o(i.delay_ms) refers to os_core.o(.data) for OSRunning
    delay.o(i.delay_ms) refers to delay.o(.data) for fac_ms
    delay.o(i.delay_osschedlock) refers to os_core.o(i.OSSchedLock) for OSSchedLock
    delay.o(i.delay_osschedunlock) refers to os_core.o(i.OSSchedUnlock) for OSSchedUnlock
    delay.o(i.delay_ostimedly) refers to os_time.o(i.OSTimeDly) for OSTimeDly
    delay.o(i.delay_us) refers to delay.o(i.delay_osschedlock) for delay_osschedlock
    delay.o(i.delay_us) refers to delay.o(i.delay_osschedunlock) for delay_osschedunlock
    delay.o(i.delay_us) refers to delay.o(.data) for fac_us
    usart.o(i.USART1_IRQHandler) refers (Special) to use_no_semi_2.o(.text) for __use_no_semihosting
    usart.o(i.USART1_IRQHandler) refers to os_core.o(i.OSIntEnter) for OSIntEnter
    usart.o(i.USART1_IRQHandler) refers to stm32f10x_usart.o(i.USART_GetITStatus) for USART_GetITStatus
    usart.o(i.USART1_IRQHandler) refers to stm32f10x_usart.o(i.USART_ReceiveData) for USART_ReceiveData
    usart.o(i.USART1_IRQHandler) refers to os_core.o(i.OSIntExit) for OSIntExit
    usart.o(i.USART1_IRQHandler) refers to usart.o(.data) for USART_RX_STA
    usart.o(i.USART1_IRQHandler) refers to usart.o(.bss) for USART_RX_BUF
[...]
    Removing stm32f10x_rcc.o(i.RCC_USBCLKConfig), (12 bytes).
    Removing stm32f10x_rcc.o(i.RCC_WaitForHSEStartUp), (56 bytes).
    Removing stm32f10x_usart.o(i.USART_ClearFlag), (18 bytes).
    Removing stm32f10x_usart.o(i.USART_ClearITPendingBit), (30 bytes).
    Removing stm32f10x_usart.o(i.USART_ClockInit), (34 bytes).
    Removing stm32f10x_usart.o(i.USART_ClockStructInit), (12 bytes).
    Removing stm32f10x_usart.o(i.USART_DMACmd), (18 bytes).
    Removing stm32f10x_usart.o(i.USART_DeInit), (156 bytes).
    Removing stm32f10x_usart.o(i.USART_GetFlagStatus), (26 bytes).
    Removing stm32f10x_usart.o(i.USART_HalfDuplexCmd), (24 bytes).
    Removing stm32f10x_usart.o(i.USART_IrDACmd), (24 bytes).
    Removing stm32f10x_usart.o(i.USART_IrDAConfig), (18 bytes).
    Removing stm32f10x_usart.o(i.USART_LINBreakDetectLengthConfig), (18 bytes).
    Removing stm32f10x_usart.o(i.USART_LINCmd), (24 bytes).
    Removing stm32f10x_usart.o(i.USART_OneBitMethodCmd), (24 bytes).
    Removing stm32f10x_usart.o(i.USART_OverSampling8Cmd), (22 bytes).
    Removing stm32f10x_usart.o(i.USART_ReceiverWakeUpCmd), (24 bytes).
    Removing stm32f10x_usart.o(i.USART_SendBreak), (10 bytes).
    Removing stm32f10x_usart.o(i.USART_SendData), (8 bytes).
    Removing stm32f10x_usart.o(i.USART_SetAddress), (18 bytes).
    Removing stm32f10x_usart.o(i.USART_SetGuardTime), (16 bytes).
    Removing stm32f10x_usart.o(i.USART_SetPrescaler), (16 bytes).
    Removing stm32f10x_usart.o(i.USART_SmartCardCmd), (24 bytes).
    Removing stm32f10x_usart.o(i.USART_SmartCardNACKCmd), (24 bytes).
    Removing stm32f10x_usart.o(i.USART_StructInit), (24 bytes).
    Removing stm32f10x_usart.o(i.USART_WakeUpConfig), (18 bytes).
    Removing os_core.o(i.OSStatInit), (76 bytes).
    Removing os_core.o(i.OSVersion), (6 bytes).
    Removing os_core.o(i.OS_Dummy), (2 bytes).
    Removing os_core.o(i.OS_MemCopy), (20 bytes).
    Removing os_core.o(i.OS_StrLen), (20 bytes).
    Removing os_flag.o(i.OSFlagAccept), (252 bytes).
    Removing os_flag.o(i.OSFlagCreate), (100 bytes).
    Removing os_flag.o(i.OSFlagDel), (228 bytes).
    Removing os_flag.o(i.OSFlagNameGet), (84 bytes).
    Removing os_flag.o(i.OSFlagNameSet), (72 bytes).
    Removing os_flag.o(i.OSFlagPend), (596 bytes).
    Removing os_flag.o(i.OSFlagPendGetFlagsRdy), (32 bytes).
    Removing os_flag.o(i.OSFlagPost), (312 bytes).
    Removing os_flag.o(i.OSFlagQuery), (48 bytes).
    Removing os_flag.o(i.OS_FlagBlock), (164 bytes).
    Removing os_flag.o(i.OS_FlagTaskRdy), (92 bytes).
    Removing os_flag.o(i.OS_FlagUnlink), (36 bytes).
    Removing os_mbox.o(i.OSMboxAccept), (38 bytes).
    Removing os_mbox.o(i.OSMboxCreate), (76 bytes).
    Removing os_mbox.o(i.OSMboxDel), (208 bytes).
    Removing os_mbox.o(i.OSMboxPend), (260 bytes).
    Removing os_mbox.o(i.OSMboxPendAbort), (128 bytes).
    Removing os_mbox.o(i.OSMboxPost), (80 bytes).
    Removing os_mbox.o(i.OSMboxPostOpt), (120 bytes).
    Removing os_mbox.o(i.OSMboxQuery), (76 bytes).
    Removing os_mutex.o(i.OSMutexAccept), (144 bytes).
    Removing os_mutex.o(i.OSMutexCreate), (148 bytes).
    Removing os_mutex.o(i.OSMutexDel), (280 bytes).
    Removing os_mutex.o(i.OSMutexPend), (568 bytes).
    Removing os_mutex.o(i.OSMutexPost), (200 bytes).
    Removing os_mutex.o(i.OSMutexQuery), (112 bytes).
    Removing os_mutex.o(i.OSMutex_RdyAtPrio), (132 bytes).
    Removing os_q.o(i.OSQAccept), (88 bytes).
    Removing os_q.o(i.OSQDel), (248 bytes).
    Removing os_q.o(i.OSQFlush), (36 bytes).
    Removing os_q.o(i.OSQPendAbort), (128 bytes).
    Removing os_q.o(i.OSQPostFront), (116 bytes).
    Removing os_q.o(i.OSQPostOpt), (182 bytes).
    Removing os_q.o(i.OSQQuery), (98 bytes).
    Removing os_sem.o(i.OSSemAccept), (42 bytes).
    Removing os_sem.o(i.OSSemCreate), (76 bytes).
    Removing os_sem.o(i.OSSemDel), (208 bytes).
    Removing os_sem.o(i.OSSemPend), (236 bytes).
    Removing os_sem.o(i.OSSemPendAbort), (128 bytes).
    Removing os_sem.o(i.OSSemPost), (88 bytes).
    Removing os_sem.o(i.OSSemQuery), (76 bytes).
    Removing os_sem.o(i.OSSemSet), (66 bytes).
    Removing os_task.o(i.OSTaskChangePrio), (328 bytes).
    Removing os_task.o(i.OSTaskDel), (340 bytes).
    Removing os_task.o(i.OSTaskDelReq), (108 bytes).
    Removing os_task.o(i.OSTaskNameGet), (128 bytes).
    Removing os_task.o(i.OSTaskQuery), (92 bytes).
    Removing os_task.o(i.OSTaskRegGet), (68 bytes).
    Removing os_task.o(i.OSTaskRegSet), (72 bytes).
    Removing os_task.o(i.OSTaskResume), (172 bytes).
    Removing os_task.o(i.OS_TaskReturn), (24 bytes).
    Removing os_time.o(i.OSTimeDlyHMSM), (96 bytes).
    Removing os_time.o(i.OSTimeDlyResume), (180 bytes).
    Removing os_time.o(i.OSTimeGet), (28 bytes).
    Removing os_time.o(i.OSTimeSet), (28 bytes).
    Removing os_cpu_c.o(i.OSTaskDelHook), (2 bytes).
    Removing os_cpu_c.o(i.OSTaskReturnHook), (2 bytes).
    Removing os_cpu_c.o(.data), (4 bytes).

144 unused section(s) (total 10578 bytes) removed from the image.

==============================================================================

Image Symbol Table

    Local Symbols

    Symbol Name                              Value     Ov Type        Size  Object(Section)

    ../clib/angel/boardlib.s                 0x00000000   Number         0  boardinit3.o ABSOLUTE
    ../clib/angel/boardlib.s                 0x00000000   Number         0  boardshut.o ABSOLUTE
    ../clib/angel/boardlib.s                 0x00000000   Number         0  boardinit1.o ABSOLUTE
    ../clib/angel/boardlib.s                 0x00000000   Number         0  boardinit2.o ABSOLUTE
    ../clib/angel/handlers.s                 0x00000000   Number         0  __scatter_zi.o ABSOLUTE
    ../clib/angel/handlers.s                 0x00000000   Number         0  __scatter_copy.o ABSOLUTE
    ../clib/angel/kernel.s                   0x00000000   Number         0  __rtentry.o ABSOLUTE
    ../clib/angel/kernel.s                   0x00000000   Number         0  rtexit2.o ABSOLUTE
    ../clib/angel/kernel.s                   0x00000000   Number         0  __rtentry4.o ABSOLUTE
    ../clib/angel/kernel.s                   0x00000000   Number         0  __rtentry2.o ABSOLUTE
    ../clib/angel/kernel.s                   0x00000000   Number         0  rtexit.o ABSOLUTE
    ../clib/angel/rt.s                       0x00000000   Number         0  rt_heap_descriptor_intlibspace.o ABSOLUTE
    ../clib/angel/rt.s                       0x00000000   Number         0  rt_raise.o ABSOLUTE
    ../clib/angel/rt.s                       0x00000000   Number         0  rt_heap_descriptor.o ABSOLUTE
    ../clib/angel/scatter.s                  0x00000000   Number         0  __scatter.o ABSOLUTE
    ../clib/angel/startup.s                  0x00000000   Number         0  __main.o ABSOLUTE
    ../clib/angel/sys.s                      0x00000000   Number         0  sys_stackheap_outer.o ABSOLUTE
    ../clib/angel/sys.s                      0x00000000   Number         0  use_no_semi_2.o ABSOLUTE
    ../clib/angel/sys.s                      0x00000000   Number         0  indicate_semi.o ABSOLUTE
    ../clib/angel/sys.s                      0x00000000   Number         0  mutex_dummy.o ABSOLUTE
    ../clib/angel/sys.s                      0x00000000   Number         0  use_no_semi.o ABSOLUTE
    ../clib/angel/sys.s                      0x00000000   Number         0  libspace.o ABSOLUTE
    ../clib/angel/sysapp.c                   0x00000000   Number         0  sys_command.o ABSOLUTE
    ../clib/armsys.c                         0x00000000   Number         0  _get_argv.o ABSOLUTE
    ../clib/armsys.c                         0x00000000   Number         0  _get_argv_nomalloc.o ABSOLUTE
    ../clib/armsys.c                         0x00000000   Number         0  argv_veneer.o ABSOLUTE
    ../clib/armsys.c                         0x00000000   Number         0  no_argv.o ABSOLUTE
    ../clib/armsys.c                         0x00000000   Number         0  argv_veneer.o ABSOLUTE
    ../clib/heap1.c                          0x00000000   Number         0  h1_alloc.o ABSOLUTE
    ../clib/heap1.c                          0x00000000   Number         0  h1_final.o ABSOLUTE
    ../clib/heap1.c                          0x00000000   Number         0  h1_extend.o ABSOLUTE
    ../clib/heap1.c                          0x00000000   Number         0  h1_init.o ABSOLUTE
    ../clib/heap1.c                          0x00000000   Number         0  h1_init_mt.o ABSOLUTE
    ../clib/heap1.c                          0x00000000   Number         0  h1_free_mt.o ABSOLUTE
    ../clib/heap1.c                          0x00000000   Number         0  h1_alloc_mt.o ABSOLUTE
    ../clib/heap1.c                          0x00000000   Number         0  h1_free.o ABSOLUTE
    ../clib/heap1.c                          0x00000000   Number         0  h1_extend_mt.o ABSOLUTE
    ../clib/heap1.c                          0x00000000   Number         0  h1_final_mt.o ABSOLUTE
    ../clib/heap2.c                          0x00000000   Number         0  fdtree.o ABSOLUTE
    ../clib/heap2.c                          0x00000000   Number         0  heap2mt.o ABSOLUTE
    ../clib/heap2.c                          0x00000000   Number         0  heap2.o ABSOLUTE
    ../clib/heapalloc.c                      0x00000000   Number         0  maybetermalloc2.o ABSOLUTE
    ../clib/heapalloc.c                      0x00000000   Number         0  maybetermalloc1.o ABSOLUTE
    ../clib/heapalloc.c                      0x00000000   Number         0  maybetermalloc1.o ABSOLUTE
    ../clib/heapalloc.c                      0x00000000   Number         0  hrguard.o ABSOLUTE
    ../clib/heapalloc.c                      0x00000000   Number         0  free.o ABSOLUTE
    ../clib/heapalloc.c                      0x00000000   Number         0  heapstubs.o ABSOLUTE
    ../clib/heapalloc.c                      0x00000000   Number         0  malloc.o ABSOLUTE
    ../clib/heapalloc.c                      0x00000000   Number         0  term_alloc.o ABSOLUTE
    ../clib/heapalloc.c                      0x00000000   Number         0  init_alloc.o ABSOLUTE
    ../clib/heapalloc.c                      0x00000000   Number         0  hguard.o ABSOLUTE
    ../clib/heapalloc.c                      0x00000000   Number         0  maybetermalloc2.o ABSOLUTE
    ../clib/heapaux.c                        0x00000000   Number         0  heapauxi.o ABSOLUTE
    ../clib/heapaux.c                        0x00000000   Number         0  heapauxa.o ABSOLUTE
    ../clib/libinit.s                        0x00000000   Number         0  libinit2.o ABSOLUTE
    ../clib/libinit.s                        0x00000000   Number         0  libinit.o ABSOLUTE
    ../clib/libinit.s                        0x00000000   Number         0  libshutdown2.o ABSOLUTE
    ../clib/libinit.s                        0x00000000   Number         0  libshutdown.o ABSOLUTE
    ../clib/memcpset.s                       0x00000000   Number         0  rt_memcpy_w.o ABSOLUTE
    ../clib/printf.c                         0x00000000   Number         0  _printf_char_file.o ABSOLUTE
    ../clib/printf.c                         0x00000000   Number         0  __printf_nopercent.o ABSOLUTE
    ../clib/printf.c                         0x00000000   Number         0  __2printf.o ABSOLUTE
    ../clib/printf.c                         0x00000000   Number         0  _printf_char_common.o ABSOLUTE
    ../clib/printf.c                         0x00000000   Number         0  noretval__2printf.o ABSOLUTE
    ../clib/signal.c                         0x00000000   Number         0  __raise.o ABSOLUTE
    ../clib/signal.c                         0x00000000   Number         0  defsig_pvfn_inner.o ABSOLUTE
    ../clib/signal.c                         0x00000000   Number         0  defsig_cppl_inner.o ABSOLUTE
    ../clib/signal.c                         0x00000000   Number         0  defsig_segv_inner.o ABSOLUTE
    ../clib/signal.c                         0x00000000   Number         0  defsig_other.o ABSOLUTE
    ../clib/signal.c                         0x00000000   Number         0  defsig_rtmem_inner.o ABSOLUTE
    ../clib/signal.c                         0x00000000   Number         0  defsig_exit.o ABSOLUTE
    ../clib/signal.c                         0x00000000   Number         0  defsig_rtmem_formal.o ABSOLUTE
    ../clib/signal.c                         0x00000000   Number         0  defsig_rtmem_outer.o ABSOLUTE
    ../clib/signal.c                         0x00000000   Number         0  defsig_stak_inner.o ABSOLUTE
    ../clib/signal.c                         0x00000000   Number         0  defsig_rtred_inner.o ABSOLUTE
    ../clib/signal.c                         0x00000000   Number         0  defsig_fpe_inner.o ABSOLUTE
    ../clib/signal.c                         0x00000000   Number         0  defsig_abrt_inner.o ABSOLUTE
    ../clib/signal.c                         0x00000000   Number         0  defsig_general.o ABSOLUTE
    ../clib/signal.s                         0x00000000   Number         0  defsig.o ABSOLUTE
    ../clib/stdio.c                          0x00000000   Number         0  ferror_locked.o ABSOLUTE
    ../clib/stdio.c                          0x00000000   Number         0  ferror.o ABSOLUTE
    ../clib/stdlib.c                         0x00000000   Number         0  exit.o ABSOLUTE
    ../fplib/fpinit.s                        0x00000000   Number         0  fpinit.o ABSOLUTE
    ..\CORE\core_cm3.c                       0x00000000   Number         0  core_cm3.o ABSOLUTE
    ..\CORE\startup_stm32f10x_hd.s           0x00000000   Number         0  startup_stm32f10x_hd.o ABSOLUTE
    ..\HARDWARE\LED\led.c                    0x00000000   Number         0  led.o ABSOLUTE
    ..\STM32F10x_FWLib\src\misc.c            0x00000000   Number         0  misc.o ABSOLUTE
    ..\STM32F10x_FWLib\src\stm32f10x_dbgmcu.c 0x00000000   Number         0  stm32f10x_dbgmcu.o ABSOLUTE
    ..\STM32F10x_FWLib\src\stm32f10x_gpio.c  0x00000000   Number         0  stm32f10x_gpio.o ABSOLUTE
    ..\STM32F10x_FWLib\src\stm32f10x_rcc.c   0x00000000   Number         0  stm32f10x_rcc.o ABSOLUTE
    ..\STM32F10x_FWLib\src\stm32f10x_usart.c 0x00000000   Number         0  stm32f10x_usart.o ABSOLUTE
    ..\SYSTEM\delay\delay.c                  0x00000000   Number         0  delay.o ABSOLUTE
    ..\SYSTEM\sys\sys.c                      0x00000000   Number         0  sys.o ABSOLUTE
    ..\SYSTEM\usart\usart.c                  0x00000000   Number         0  usart.o ABSOLUTE
    ..\UCOSII\CORE\os_core.c                 0x00000000   Number         0  os_core.o ABSOLUTE
    ..\UCOSII\CORE\os_flag.c                 0x00000000   Number         0  os_flag.o ABSOLUTE
    ..\UCOSII\CORE\os_mbox.c                 0x00000000   Number         0  os_mbox.o ABSOLUTE
    ..\UCOSII\CORE\os_mem.c                  0x00000000   Number         0  os_mem.o ABSOLUTE
    ..\UCOSII\CORE\os_mutex.c                0x00000000   Number         0  os_mutex.o ABSOLUTE
    ..\UCOSII\CORE\os_q.c                    0x00000000   Number         0  os_q.o ABSOLUTE
    ..\UCOSII\CORE\os_sem.c                  0x00000000   Number         0  os_sem.o ABSOLUTE
    ..\UCOSII\CORE\os_task.c                 0x00000000   Number         0  os_task.o ABSOLUTE
    ..\UCOSII\CORE\os_time.c                 0x00000000   Number         0  os_time.o ABSOLUTE
    ..\UCOSII\CORE\os_tmr.c                  0x00000000   Number         0  os_tmr.o ABSOLUTE
    ..\UCOSII\PORT\os_cpu_a.asm              0x00000000   Number         0  os_cpu_a.o ABSOLUTE
    ..\UCOSII\PORT\os_cpu_c.c                0x00000000   Number         0  os_cpu_c.o ABSOLUTE
    ..\\CORE\\core_cm3.c                     0x00000000   Number         0  core_cm3.o ABSOLUTE
    ..\\SYSTEM\\sys\\sys.c                   0x00000000   Number         0  sys.o ABSOLUTE
    dc.s                                     0x00000000   Number         0  dc.o ABSOLUTE
    main.c                                   0x00000000   Number         0  main.o ABSOLUTE
    stm32f10x_it.c                           0x00000000   Number         0  stm32f10x_it.o ABSOLUTE
    system_stm32f10x.c                       0x00000000   Number         0  system_stm32f10x.o ABSOLUTE
    RESET                                    0x08000000   Section      304  startup_stm32f10x_hd.o(RESET)
    !!!main                                  0x08000130   Section        8  __main.o(!!!main)
    !!!scatter                               0x08000138   Section       52  __scatter.o(!!!scatter)
    !!handler_copy                           0x0800016c   Section       26  __scatter_copy.o(!!handler_copy)
    !!handler_zi                             0x08000188   Section       28  __scatter_zi.o(!!handler_zi)
    .ARM.Collect$$libinit$$00000000          0x080001a4   Section        2  libinit.o(.ARM.Collect$$libinit$$00000000)
    .ARM.Collect$$libinit$$00000002          0x080001a6   Section        0  libinit2.o(.ARM.Collect$$libinit$$00000002)
    .ARM.Collect$$libinit$$00000004          0x080001a6   Section        0  libinit2.o(.ARM.Collect$$libinit$$00000004)
    .ARM.Collect$$libinit$$00000005          0x080001a6   Section        8  libinit2.o(.ARM.Collect$$libinit$$00000005)
    .ARM.Collect$$libinit$$0000000A          0x080001ae   Section        0  libinit2.o(.ARM.Collect$$libinit$$0000000A)
    .ARM.Collect$$libinit$$0000000C          0x080001ae   Section        0  libinit2.o(.ARM.Collect$$libinit$$0000000C)
    .ARM.Collect$$libinit$$0000000E          0x080001ae   Section        0  libinit2.o(.ARM.Collect$$libinit$$0000000E)
    .ARM.Collect$$libinit$$00000011          0x080001ae   Section        0  libinit2.o(.ARM.Collect$$libinit$$00000011)
    .ARM.Collect$$libinit$$00000013          0x080001ae   Section        0  libinit2.o(.ARM.Collect$$libinit$$00000013)
    .ARM.Collect$$libinit$$00000015          0x080001ae   Section        0  libinit2.o(.ARM.Collect$$libinit$$00000015)
    .ARM.Collect$$libinit$$00000017          0x080001ae   Section        0  libinit2.o(.ARM.Collect$$libinit$$00000017)
    .ARM.Collect$$libinit$$00000019          0x080001ae   Section        0  libinit2.o(.ARM.Collect$$libinit$$00000019)
    .ARM.Collect$$libinit$$0000001B          0x080001ae   Section        0  libinit2.o(.ARM.Collect$$libinit$$0000001B)
    .ARM.Collect$$libinit$$0000001D          0x080001ae   Section        0  libinit2.o(.ARM.Collect$$libinit$$0000001D)
    .ARM.Collect$$libinit$$0000001F          0x080001ae   Section        0  libinit2.o(.ARM.Collect$$libinit$$0000001F)
    .ARM.Collect$$libinit$$00000021          0x080001ae   Section        0  libinit2.o(.ARM.Collect$$libinit$$00000021)
    .ARM.Collect$$libinit$$00000023          0x080001ae   Section        0  libinit2.o(.ARM.Collect$$libinit$$00000023)
    .ARM.Collect$$libinit$$00000025          0x080001ae   Section        0  libinit2.o(.ARM.Collect$$libinit$$00000025)
    .ARM.Collect$$libinit$$0000002C          0x080001ae   Section        0  libinit2.o(.ARM.Collect$$libinit$$0000002C)
    .ARM.Collect$$libinit$$0000002E          0x080001ae   Section        0  libinit2.o(.ARM.Collect$$libinit$$0000002E)
    .ARM.Collect$$libinit$$00000030          0x080001ae   Section        0  libinit2.o(.ARM.Collect$$libinit$$00000030)
    .ARM.Collect$$libinit$$00000032          0x080001ae   Section        0  libinit2.o(.ARM.Collect$$libinit$$00000032)
    .ARM.Collect$$libinit$$00000033          0x080001ae   Section        2  libinit2.o(.ARM.Collect$$libinit$$00000033)
    .ARM.Collect$$libshutdown$$00000000      0x080001b0   Section        2  libshutdown.o(.ARM.Collect$$libshutdown$$00000000)
    .ARM.Collect$$libshutdown$$00000002      0x080001b2   Section        0  libshutdown2.o(.ARM.Collect$$libshutdown$$00000002)
    .ARM.Collect$$libshutdown$$00000004      0x080001b2   Section        0  libshutdown2.o(.ARM.Collect$$libshutdown$$00000004)
    .ARM.Collect$$libshutdown$$00000007      0x080001b2   Section        0  libshutdown2.o(.ARM.Collect$$libshutdown$$00000007)
    .ARM.Collect$$libshutdown$$0000000A      0x080001b2   Section        0  libshutdown2.o(.ARM.Collect$$libshutdown$$0000000A)
    .ARM.Collect$$libshutdown$$0000000C      0x080001b2   Section        0  libshutdown2.o(.ARM.Collect$$libshutdown$$0000000C)
    .ARM.Collect$$libshutdown$$0000000F      0x080001b2   Section        0  libshutdown2.o(.ARM.Collect$$libshutdown$$0000000F)
    .ARM.Collect$$libshutdown$$00000010      0x080001b2   Section        2  libshutdown2.o(.ARM.Collect$$libshutdown$$00000010)
    .ARM.Collect$$rtentry$$00000000          0x080001b4   Section        0  __rtentry.o(.ARM.Collect$$rtentry$$00000000)
    .ARM.Collect$$rtentry$$00000002          0x080001b4   Section        0  __rtentry2.o(.ARM.Collect$$rtentry$$00000002)
    .ARM.Collect$$rtentry$$00000004          0x080001b4   Section        6  __rtentry4.o(.ARM.Collect$$rtentry$$00000004)
    .ARM.Collect$$rtentry$$00000009          0x080001ba   Section        0  __rtentry2.o(.ARM.Collect$$rtentry$$00000009)
    .ARM.Collect$$rtentry$$0000000A          0x080001ba   Section        4  __rtentry2.o(.ARM.Collect$$rtentry$$0000000A)
    .ARM.Collect$$rtentry$$0000000C          0x080001be   Section        0  __rtentry2.o(.ARM.Collect$$rtentry$$0000000C)
    .ARM.Collect$$rtentry$$0000000D          0x080001be   Section        8  __rtentry2.o(.ARM.Collect$$rtentry$$0000000D)
    .ARM.Collect$$rtexit$$00000000           0x080001c6   Section        2  rtexit.o(.ARM.Collect$$rtexit$$00000000)
    .ARM.Collect$$rtexit$$00000002           0x080001c8   Section        0  rtexit2.o(.ARM.Collect$$rtexit$$00000002)
    .ARM.Collect$$rtexit$$00000003           0x080001c8   Section        4  rtexit2.o(.ARM.Collect$$rtexit$$00000003)
    .ARM.Collect$$rtexit$$00000004           0x080001cc   Section        6  rtexit2.o(.ARM.Collect$$rtexit$$00000004)
    .emb_text                                0x080001d4   Section        0  maybetermalloc1.o(.emb_text)
    .text                                    0x080001d4   Section       64  startup_stm32f10x_hd.o(.text)
    .text                                    0x08000214   Section      180  os_cpu_a.o(.text)
    .text                                    0x080002c8   Section        2  use_no_semi_2.o(.text)
    .text                                    0x080002ca   Section        0  h1_alloc.o(.text)
    .text                                    0x08000328   Section        0  h1_free.o(.text)
    .text                                    0x08000378   Section        0  noretval__2printf.o(.text)
    .text                                    0x08000390   Section        0  heapauxi.o(.text)
    .text                                    0x08000396   Section        2  use_no_semi.o(.text)
    .text                                    0x08000398   Section        8  rt_heap_descriptor_intlibspace.o(.text)
    .text                                    0x080003a0   Section        0  hguard.o(.text)
    .text                                    0x080003a4   Section        0  init_alloc.o(.text)
    .text                                    0x0800042e   Section        0  h1_init.o(.text)
    .text                                    0x0800043c   Section        0  _printf_char_file.o(.text)
    .text                                    0x08000460   Section        8  libspace.o(.text)
    .text                                    0x08000468   Section        0  h1_extend.o(.text)
    .text                                    0x0800049c   Section        0  _printf_char_common.o(.text)
    _printf_input_char                       0x0800049d   Thumb Code    10  _printf_char_common.o(.text)
    .text                                    0x080004cc   Section        0  ferror.o(.text)
    .text                                    0x080004d4   Section        0  defsig_rtmem_outer.o(.text)
    .text                                    0x080004e2   Section       74  sys_stackheap_outer.o(.text)
    .text                                    0x0800052c   Section        0  __printf_nopercent.o(.text)
    .text                                    0x08000554   Section        0  exit.o(.text)
    .text                                    0x08000566   Section        0  defsig_exit.o(.text)
    .text                                    0x08000570   Section        0  defsig_rtmem_inner.o(.text)
    .text                                    0x080005c0   Section        0  defsig_general.o(.text)
    i.BusFault_Handler                       0x080005f2   Section        0  stm32f10x_it.o(i.BusFault_Handler)
    i.CTL_task                               0x080005f8   Section        0  main.o(i.CTL_task)
    i.DebugMon_Handler                       0x080008d4   Section        0  stm32f10x_it.o(i.DebugMon_Handler)
    i.ELEVATOR_task                          0x080008d8   Section        0  main.o(i.ELEVATOR_task)
    i.GPIO_Init                              0x08000ae4   Section        0  stm32f10x_gpio.o(i.GPIO_Init)
    i.GPIO_ResetBits                         0x08000bfa   Section        0  stm32f10x_gpio.o(i.GPIO_ResetBits)
    i.HardFault_Handler                      0x08000bfe   Section        0  stm32f10x_it.o(i.HardFault_Handler)
    i.KEYSCAN_task                           0x08000c04   Section        0  main.o(i.KEYSCAN_task)
    i.KEY_Scan                               0x08000c34   Section        0  led.o(i.KEY_Scan)
    i.LED_Init                               0x08000d28   Section        0  led.o(i.LED_Init)
    i.MemManage_Handler                      0x08000d74   Section        0  stm32f10x_it.o(i.MemManage_Handler)
    i.NMI_Handler                            0x08000d78   Section        0  stm32f10x_it.o(i.NMI_Handler)
    i.NVIC_Init                              0x08000d7c   Section        0  misc.o(i.NVIC_Init)
    i.NVIC_PriorityGroupConfig               0x08000dec   Section        0  misc.o(i.NVIC_PriorityGroupConfig)
    i.OSInit                                 0x08000e00   Section        0  os_core.o(i.OSInit)
    i.OSInitHookBegin                        0x08000e2c   Section        0  os_cpu_c.o(i.OSInitHookBegin)
    i.OSInitHookEnd                          0x08000e2e   Section        0  os_cpu_c.o(i.OSInitHookEnd)
    i.OSIntEnter                             0x08000e30   Section        0  os_core.o(i.OSIntEnter)
    i.OSIntExit                              0x08000e54   Section        0  os_core.o(i.OSIntExit)
    i.OSQCreate                              0x08000ee4   Section        0  os_q.o(i.OSQCreate)
    i.OSQPend                                0x08000f7c   Section        0  os_q.o(i.OSQPend)
    i.OSQPost                                0x08001098   Section        0  os_q.o(i.OSQPost)
    i.OSSchedLock                            0x0800110c   Section        0  os_core.o(i.OSSchedLock)
    i.OSSchedUnlock                          0x0800114c   Section        0  os_core.o(i.OSSchedUnlock)
    i.OSStart                                0x080011ac   Section        0  os_core.o(i.OSStart)
    i.OSTCBInitHook                          0x080011f4   Section        0  os_cpu_c.o(i.OSTCBInitHook)
    i.OSTaskCreate                           0x080011f8   Section        0  os_task.o(i.OSTaskCreate)
    i.OSTaskCreateExt                        0x08001298   Section        0  os_task.o(i.OSTaskCreateExt)
    i.OSTaskCreateHook                       0x08001350   Section        0  os_cpu_c.o(i.OSTaskCreateHook)
    i.OSTaskIdleHook                         0x08001352   Section        0  os_cpu_c.o(i.OSTaskIdleHook)
    i.OSTaskNameSet                          0x08001354   Section        0  os_task.o(i.OSTaskNameSet)
    i.OSTaskStatHook                         0x080013c4   Section        0  os_cpu_c.o(i.OSTaskStatHook)
    i.OSTaskStkChk                           0x080013c8   Section        0  os_task.o(i.OSTaskStkChk)
    i.OSTaskStkInit                          0x08001454   Section        0  os_cpu_c.o(i.OSTaskStkInit)
    i.OSTaskSuspend                          0x080014f0   Section        0  os_task.o(i.OSTaskSuspend)
    i.OSTaskSwHook                           0x08001598   Section        0  os_cpu_c.o(i.OSTaskSwHook)
    i.OSTimeDly                              0x0800159c   Section        0  os_time.o(i.OSTimeDly)
    i.OSTimeTick                             0x08001614   Section        0  os_core.o(i.OSTimeTick)
    i.OSTimeTickHook                         0x08001700   Section        0  os_cpu_c.o(i.OSTimeTickHook)
    i.OS_EventTaskRdy                        0x08001704   Section        0  os_core.o(i.OS_EventTaskRdy)
    i.OS_EventTaskRemove                     0x08001788   Section        0  os_core.o(i.OS_EventTaskRemove)
    i.OS_EventTaskWait                       0x080017b4   Section        0  os_core.o(i.OS_EventTaskWait)
    i.OS_EventWaitListInit                   0x08001830   Section        0  os_core.o(i.OS_EventWaitListInit)
    i.OS_FlagInit                            0x0800184c   Section        0  os_flag.o(i.OS_FlagInit)
    i.OS_InitEventList                       0x080018a4   Section        0  os_core.o(i.OS_InitEventList)
    OS_InitEventList                         0x080018a5   Thumb Code    74  os_core.o(i.OS_InitEventList)
    i.OS_InitMisc                            0x080018f8   Section        0  os_core.o(i.OS_InitMisc)
    OS_InitMisc                              0x080018f9   Thumb Code    44  os_core.o(i.OS_InitMisc)
    i.OS_InitRdyList                         0x0800194c   Section        0  os_core.o(i.OS_InitRdyList)
    OS_InitRdyList                           0x0800194d   Thumb Code    44  os_core.o(i.OS_InitRdyList)
    i.OS_InitTCBList                         0x08001990   Section        0  os_core.o(i.OS_InitTCBList)
    OS_InitTCBList                           0x08001991   Thumb Code   106  os_core.o(i.OS_InitTCBList)
    i.OS_InitTaskIdle                        0x08001a10   Section        0  os_core.o(i.OS_InitTaskIdle)
    OS_InitTaskIdle                          0x08001a11   Thumb Code    50  os_core.o(i.OS_InitTaskIdle)
    i.OS_InitTaskStat                        0x08001a60   Section        0  os_core.o(i.OS_InitTaskStat)
    OS_InitTaskStat                          0x08001a61   Thumb Code    50  os_core.o(i.OS_InitTaskStat)
    i.OS_MemClr                              0x08001ab0   Section        0  os_core.o(i.OS_MemClr)
    i.OS_QInit                               0x08001ac4   Section        0  os_q.o(i.OS_QInit)
    i.OS_Sched                               0x08001b14   Section        0  os_core.o(i.OS_Sched)
    i.OS_SchedNew                            0x08001b88   Section        0  os_core.o(i.OS_SchedNew)
    OS_SchedNew                              0x08001b89   Thumb Code    26  os_core.o(i.OS_SchedNew)
    i.OS_TCBInit                             0x08001bb4   Section        0  os_core.o(i.OS_TCBInit)
    i.OS_TaskIdle                            0x08001ce8   Section        0  os_core.o(i.OS_TaskIdle)
    i.OS_TaskStat                            0x08001d10   Section        0  os_core.o(i.OS_TaskStat)
    i.OS_TaskStatStkChk                      0x08001d98   Section        0  os_core.o(i.OS_TaskStatStkChk)
    i.OS_TaskStkClr                          0x08001dd4   Section        0  os_task.o(i.OS_TaskStkClr)
    i.RCC_APB2PeriphClockCmd                 0x08001df0   Section        0  stm32f10x_rcc.o(i.RCC_APB2PeriphClockCmd)
    i.RCC_GetClocksFreq                      0x08001e10   Section        0  stm32f10x_rcc.o(i.RCC_GetClocksFreq)
    i.SVC_Handler                            0x08001ee4   Section        0  stm32f10x_it.o(i.SVC_Handler)
    i.SetSysClock                            0x08001ee6   Section        0  system_stm32f10x.o(i.SetSysClock)
    SetSysClock                              0x08001ee7   Thumb Code     8  system_stm32f10x.o(i.SetSysClock)
    i.SetSysClockTo72                        0x08001ef0   Section        0  system_stm32f10x.o(i.SetSysClockTo72)
    SetSysClockTo72                          0x08001ef1   Thumb Code   214  system_stm32f10x.o(i.SetSysClockTo72)
    i.SysTick_CLKSourceConfig                0x08001fd0   Section        0  misc.o(i.SysTick_CLKSourceConfig)
    i.SysTick_Handler                        0x08001ff8   Section        0  delay.o(i.SysTick_Handler)
    i.SystemInit                             0x08002014   Section        0  system_stm32f10x.o(i.SystemInit)
    i.USART1_IRQHandler                      0x08002074   Section        0  usart.o(i.USART1_IRQHandler)
    i.USART_Cmd                              0x08002104   Section        0  stm32f10x_usart.o(i.USART_Cmd)
    i.USART_GetITStatus                      0x0800211c   Section        0  stm32f10x_usart.o(i.USART_GetITStatus)
    i.USART_ITConfig                         0x08002170   Section        0  stm32f10x_usart.o(i.USART_ITConfig)
    i.USART_Init                             0x080021bc   Section        0  stm32f10x_usart.o(i.USART_Init)
    i.USART_ReceiveData                      0x08002294   Section        0  stm32f10x_usart.o(i.USART_ReceiveData)
    i.UsageFault_Handler                     0x0800229e   Section        0  stm32f10x_it.o(i.UsageFault_Handler)
    i._sys_exit                              0x080022a2   Section        0  usart.o(i._sys_exit)
    i._ttywrch                               0x080022a8   Section        0  usart.o(i._ttywrch)
    i.delay_init                             0x080022b0   Section        0  delay.o(i.delay_init)
    i.delay_ms                               0x0800230c   Section        0  delay.o(i.delay_ms)
    i.delay_osschedlock                      0x0800235c   Section        0  delay.o(i.delay_osschedlock)
    i.delay_osschedunlock                    0x08002364   Section        0  delay.o(i.delay_osschedunlock)
    i.delay_ostimedly                        0x0800236c   Section        0  delay.o(i.delay_ostimedly)
    i.delay_us                               0x08002378   Section        0  delay.o(i.delay_us)
    i.fputc                                  0x080023d4   Section        0  usart.o(i.fputc)
    i.main                                   0x080023f0   Section        0  main.o(i.main)
    i.uart_init                              0x08002490   Section        0  usart.o(i.uart_init)
    .constdata                               0x08002530   Section        2  main.o(.constdata)
    .constdata                               0x08002532   Section      256  os_core.o(.constdata)
    .data                                    0x20000000   Section       12  main.o(.data)
    .data                                    0x2000000c   Section       20  system_stm32f10x.o(.data)
    .data                                    0x20000020   Section        1  led.o(.data)
    key_up                                   0x20000020   Data           1  led.o(.data)
    .data                                    0x20000022   Section        4  delay.o(.data)
    fac_us                                   0x20000022   Data           1  delay.o(.data)
    fac_ms                                   0x20000024   Data           2  delay.o(.data)
    .data                                    0x20000028   Section        6  usart.o(.data)
    .data                                    0x2000002e   Section       20  stm32f10x_rcc.o(.data)
    APBAHBPrescTable                         0x2000002e   Data          16  stm32f10x_rcc.o(.data)
    ADCPrescTable                            0x2000003e   Data           4  stm32f10x_rcc.o(.data)
    .data                                    0x20000044   Section       72  os_core.o(.data)
    .bss                                     0x2000008c   Section      888  main.o(.bss)
    .bss                                     0x20000404   Section      200  usart.o(.bss)
    .bss                                     0x200004cc   Section     2688  os_core.o(.bss)
    .bss                                     0x20000f4c   Section       96  libspace.o(.bss)
    HEAP                                     0x20000fb0   Section      512  startup_stm32f10x_hd.o(HEAP)
    Heap_Mem                                 0x20000fb0   Data         512  startup_stm32f10x_hd.o(HEAP)
    STACK                                    0x200011b0   Section     1024  startup_stm32f10x_hd.o(STACK)
    Stack_Mem                                0x200011b0   Data        1024  startup_stm32f10x_hd.o(STACK)
    __initial_sp                             0x200015b0   Data           0  startup_stm32f10x_hd.o(STACK)

    Global Symbols

    Symbol Name                              Value     Ov Type        Size  Object(Section)

    BuildAttributes$$THM_ISAv4$P$D$K$B$S$PE$A:L22UL41UL21$X:L11$S22US41US21$IEEE1$IW$USESV6$~STKCKD$USESV7$~SHL$OTIME$ROPI$EBA8$UX$STANDARDLIB$REQ8$PRES8$EABIv2 0x00000000   Number         0  anon$$obj.o ABSOLUTE
    __ARM_use_no_argv                        0x00000000   Number         0  main.o ABSOLUTE
    __ARM_exceptions_init                     - Undefined Weak Reference
    __alloca_initialize                       - Undefined Weak Reference
    __arm_preinit_                            - Undefined Weak Reference
    __cpp_initialize__aeabi_                  - Undefined Weak Reference
    __cxa_finalize                            - Undefined Weak Reference
    __rt_locale                               - Undefined Weak Reference
    __sigvec_lookup                           - Undefined Weak Reference
    __user_heap_extent                        - Undefined Weak Reference
    _atexit_init                              - Undefined Weak Reference
    _call_atexit_fns                          - Undefined Weak Reference
    _clock_init                               - Undefined Weak Reference
    _fp_trap_init                             - Undefined Weak Reference
    _fp_trap_shutdown                         - Undefined Weak Reference
    _get_lc_collate                           - Undefined Weak Reference
    _get_lc_ctype                             - Undefined Weak Reference
    _get_lc_monetary                          - Undefined Weak Reference
    _get_lc_numeric                           - Undefined Weak Reference
    _get_lc_time                              - Undefined Weak Reference
    _getenv_init                              - Undefined Weak Reference
    _handle_redirection                       - Undefined Weak Reference
    _initio                                   - Undefined Weak Reference
    _mutex_acquire                            - Undefined Weak Reference
    _mutex_free                               - Undefined Weak Reference
    _mutex_release                            - Undefined Weak Reference
    _rand_init                                - Undefined Weak Reference
    _signal_finish                            - Undefined Weak Reference
    _signal_init                              - Undefined Weak Reference
    _terminateio                              - Undefined Weak Reference
    __Vectors_Size                           0x00000130   Number         0  startup_stm32f10x_hd.o ABSOLUTE
    __Vectors                                0x08000000   Data           4  startup_stm32f10x_hd.o(RESET)
    __Vectors_End                            0x08000130   Data           0  startup_stm32f10x_hd.o(RESET)
    __main                                   0x08000131   Thumb Code     8  __main.o(!!!main)
    __scatterload                            0x08000139   Thumb Code     0  __scatter.o(!!!scatter)
    __scatterload_rt2                        0x08000139   Thumb Code    44  __scatter.o(!!!scatter)
    __scatterload_rt2_thumb_only             0x08000139   Thumb Code     0  __scatter.o(!!!scatter)
    __scatterload_null                       0x08000147   Thumb Code     0  __scatter.o(!!!scatter)
    __scatterload_copy                       0x0800016d   Thumb Code    26  __scatter_copy.o(!!handler_copy)
    __scatterload_zeroinit                   0x08000189   Thumb Code    28  __scatter_zi.o(!!handler_zi)
    __rt_lib_init                            0x080001a5   Thumb Code     0  libinit.o(.ARM.Collect$$libinit$$00000000)
    __rt_lib_init_fp_1                       0x080001a7   Thumb Code     0  libinit2.o(.ARM.Collect$$libinit$$00000002)
    __rt_lib_init_heap_2                     0x080001a7   Thumb Code     0  libinit2.o(.ARM.Collect$$libinit$$00000005)
    __rt_lib_init_preinit_1                  0x080001a7   Thumb Code     0  libinit2.o(.ARM.Collect$$libinit$$00000004)
    __rt_lib_init_alloca_1                   0x080001af   Thumb Code     0  libinit2.o(.ARM.Collect$$libinit$$0000002E)
    __rt_lib_init_argv_1                     0x080001af   Thumb Code     0  libinit2.o(.ARM.Collect$$libinit$$0000002C)
    __rt_lib_init_atexit_1                   0x080001af   Thumb Code     0  libinit2.o(.ARM.Collect$$libinit$$0000001B)
    __rt_lib_init_clock_1                    0x080001af   Thumb Code     0  libinit2.o(.ARM.Collect$$libinit$$00000021)
    __rt_lib_init_cpp_1                      0x080001af   Thumb Code     0  libinit2.o(.ARM.Collect$$libinit$$00000032)
    __rt_lib_init_exceptions_1               0x080001af   Thumb Code     0  libinit2.o(.ARM.Collect$$libinit$$00000030)
    __rt_lib_init_fp_trap_1                  0x080001af   Thumb Code     0  libinit2.o(.ARM.Collect$$libinit$$0000001F)
    __rt_lib_init_getenv_1                   0x080001af   Thumb Code     0  libinit2.o(.ARM.Collect$$libinit$$00000023)
    __rt_lib_init_heap_1                     0x080001af   Thumb Code     0  libinit2.o(.ARM.Collect$$libinit$$0000000A)
    __rt_lib_init_lc_collate_1               0x080001af   Thumb Code     0  libinit2.o(.ARM.Collect$$libinit$$00000011)
    __rt_lib_init_lc_ctype_1                 0x080001af   Thumb Code     0  libinit2.o(.ARM.Collect$$libinit$$00000013)
    __rt_lib_init_lc_monetary_1              0x080001af   Thumb Code     0  libinit2.o(.ARM.Collect$$libinit$$00000015)
    __rt_lib_init_lc_numeric_1               0x080001af   Thumb Code     0  libinit2.o(.ARM.Collect$$libinit$$00000017)
    __rt_lib_init_lc_time_1                  0x080001af   Thumb Code     0  libinit2.o(.ARM.Collect$$libinit$$00000019)
    __rt_lib_init_rand_1                     0x080001af   Thumb Code     0  libinit2.o(.ARM.Collect$$libinit$$0000000E)
    __rt_lib_init_return                     0x080001af   Thumb Code     0  libinit2.o(.ARM.Collect$$libinit$$00000033)
    __rt_lib_init_signal_1                   0x080001af   Thumb Code     0  libinit2.o(.ARM.Collect$$libinit$$0000001D)
    __rt_lib_init_stdio_1                    0x080001af   Thumb Code     0  libinit2.o(.ARM.Collect$$libinit$$00000025)
    __rt_lib_init_user_alloc_1               0x080001af   Thumb Code     0  libinit2.o(.ARM.Collect$$libinit$$0000000C)
    __rt_lib_shutdown                        0x080001b1   Thumb Code     0  libshutdown.o(.ARM.Collect$$libshutdown$$00000000)
    __rt_lib_shutdown_cpp_1                  0x080001b3   Thumb Code     0  libshutdown2.o(.ARM.Collect$$libshutdown$$00000002)
    __rt_lib_shutdown_fp_trap_1              0x080001b3   Thumb Code     0  libshutdown2.o(.ARM.Collect$$libshutdown$$00000007)
    __rt_lib_shutdown_heap_1                 0x080001b3   Thumb Code     0  libshutdown2.o(.ARM.Collect$$libshutdown$$0000000F)
    __rt_lib_shutdown_return                 0x080001b3   Thumb Code     0  libshutdown2.o(.ARM.Collect$$libshutdown$$00000010)
    __rt_lib_shutdown_signal_1               0x080001b3   Thumb Code     0  libshutdown2.o(.ARM.Collect$$libshutdown$$0000000A)
    __rt_lib_shutdown_stdio_1                0x080001b3   Thumb Code     0  libshutdown2.o(.ARM.Collect$$libshutdown$$00000004)
    __rt_lib_shutdown_user_alloc_1           0x080001b3   Thumb Code     0  libshutdown2.o(.ARM.Collect$$libshutdown$$0000000C)
    __rt_entry                               0x080001b5   Thumb Code     0  __rtentry.o(.ARM.Collect$$rtentry$$00000000)
    __rt_entry_presh_1                       0x080001b5   Thumb Code     0  __rtentry2.o(.ARM.Collect$$rtentry$$00000002)
    __rt_entry_sh                            0x080001b5   Thumb Code     0  __rtentry4.o(.ARM.Collect$$rtentry$$00000004)
    __rt_entry_li                            0x080001bb   Thumb Code     0  __rtentry2.o(.ARM.Collect$$rtentry$$0000000A)
    __rt_entry_postsh_1                      0x080001bb   Thumb Code     0  __rtentry2.o(.ARM.Collect$$rtentry$$00000009)
    __rt_entry_main                          0x080001bf   Thumb Code     0  __rtentry2.o(.ARM.Collect$$rtentry$$0000000D)
    __rt_entry_postli_1                      0x080001bf   Thumb Code     0  __rtentry2.o(.ARM.Collect$$rtentry$$0000000C)
    __rt_exit                                0x080001c7   Thumb Code     0  rtexit.o(.ARM.Collect$$rtexit$$00000000)
    __rt_exit_ls                             0x080001c9   Thumb Code     0  rtexit2.o(.ARM.Collect$$rtexit$$00000003)
    __rt_exit_prels_1                        0x080001c9   Thumb Code     0  rtexit2.o(.ARM.Collect$$rtexit$$00000002)
    __rt_exit_exit                           0x080001cd   Thumb Code     0  rtexit2.o(.ARM.Collect$$rtexit$$00000004)
    Reset_Handler                            0x080001d5   Thumb Code     8  startup_stm32f10x_hd.o(.text)
    _maybe_terminate_alloc                   0x080001d5   Thumb Code     0  maybetermalloc1.o(.emb_text)
    ADC1_2_IRQHandler                        0x080001ef   Thumb Code     0  startup_stm32f10x_hd.o(.text)
    ADC3_IRQHandler                          0x080001ef   Thumb Code     0  startup_stm32f10x_hd.o(.text)
    CAN1_RX1_IRQHandler                      0x080001ef   Thumb Code     0  startup_stm32f10x_hd.o(.text)
    CAN1_SCE_IRQHandler                      0x080001ef   Thumb Code     0  startup_stm32f10x_hd.o(.text)
    DMA1_Channel1_IRQHandler                 0x080001ef   Thumb Code     0  startup_stm32f10x_hd.o(.text)
    DMA1_Channel2_IRQHandler                 0x080001ef   Thumb Code     0  startup_stm32f10x_hd.o(.text)
    DMA1_Channel3_IRQHandler                 0x080001ef   Thumb Code     0  startup_stm32f10x_hd.o(.text)
    DMA1_Channel4_IRQHandler                 0x080001ef   Thumb Code     0  startup_stm32f10x_hd.o(.text)
    DMA1_Channel5_IRQHandler                 0x080001ef   Thumb Code     0  startup_stm32f10x_hd.o(.text)
    DMA1_Channel6_IRQHandler                 0x080001ef   Thumb Code     0  startup_stm32f10x_hd.o(.text)
    DMA1_Channel7_IRQHandler                 0x080001ef   Thumb Code     0  startup_stm32f10x_hd.o(.text)
    DMA2_Channel1_IRQHandler                 0x080001ef   Thumb Code     0  startup_stm32f10x_hd.o(.text)
    DMA2_Channel2_IRQHandler                 0x080001ef   Thumb Code     0  startup_stm32f10x_hd.o(.text)
    DMA2_Channel3_IRQHandler                 0x080001ef   Thumb Code     0  startup_stm32f10x_hd.o(.text)
    DMA2_Channel4_5_IRQHandler               0x080001ef   Thumb Code     0  startup_stm32f10x_hd.o(.text)
    EXTI0_IRQHandler                         0x080001ef   Thumb Code     0  startup_stm32f10x_hd.o(.text)
    EXTI15_10_IRQHandler                     0x080001ef   Thumb Code     0  startup_stm32f10x_hd.o(.text)
    EXTI1_IRQHandler                         0x080001ef   Thumb Code     0  startup_stm32f10x_hd.o(.text)
    EXTI2_IRQHandler                         0x080001ef   Thumb Code     0  startup_stm32f10x_hd.o(.text)
    EXTI3_IRQHandler                         0x080001ef   Thumb Code     0  startup_stm32f10x_hd.o(.text)
    EXTI4_IRQHandler                         0x080001ef   Thumb Code     0  startup_stm32f10x_hd.o(.text)
    EXTI9_5_IRQHandler                       0x080001ef   Thumb Code     0  startup_stm32f10x_hd.o(.text)
    FLASH_IRQHandler                         0x080001ef   Thumb Code     0  startup_stm32f10x_hd.o(.text)
    FSMC_IRQHandler                          0x080001ef   Thumb Code     0  startup_stm32f10x_hd.o(.text)
    I2C1_ER_IRQHandler                       0x080001ef   Thumb Code     0  startup_stm32f10x_hd.o(.text)
    I2C1_EV_IRQHandler                       0x080001ef   Thumb Code     0  startup_stm32f10x_hd.o(.text)
    I2C2_ER_IRQHandler                       0x080001ef   Thumb Code     0  startup_stm32f10x_hd.o(.text)
    I2C2_EV_IRQHandler                       0x080001ef   Thumb Code     0  startup_stm32f10x_hd.o(.text)
    PVD_IRQHandler                           0x080001ef   Thumb Code     0  startup_stm32f10x_hd.o(.text)
    RCC_IRQHandler                           0x080001ef   Thumb Code     0  startup_stm32f10x_hd.o(.text)
    RTCAlarm_IRQHandler                      0x080001ef   Thumb Code     0  startup_stm32f10x_hd.o(.text)
    RTC_IRQHandler                           0x080001ef   Thumb Code     0  startup_stm32f10x_hd.o(.text)
    SDIO_IRQHandler                          0x080001ef   Thumb Code     0  startup_stm32f10x_hd.o(.text)
    SPI1_IRQHandler                          0x080001ef   Thumb Code     0  startup_stm32f10x_hd.o(.text)
    SPI2_IRQHandler                          0x080001ef   Thumb Code     0  startup_stm32f10x_hd.o(.text)
    SPI3_IRQHandler                          0x080001ef   Thumb Code     0  startup_stm32f10x_hd.o(.text)
    TAMPER_IRQHandler                        0x080001ef   Thumb Code     0  startup_stm32f10x_hd.o(.text)
    TIM1_BRK_IRQHandler                      0x080001ef   Thumb Code     0  startup_stm32f10x_hd.o(.text)
    TIM1_CC_IRQHandler                       0x080001ef   Thumb Code     0  startup_stm32f10x_hd.o(.text)
    TIM1_TRG_COM_IRQHandler                  0x080001ef   Thumb Code     0  startup_stm32f10x_hd.o(.text)
    TIM1_UP_IRQHandler                       0x080001ef   Thumb Code     0  startup_stm32f10x_hd.o(.text)
    TIM2_IRQHandler                          0x080001ef   Thumb Code     0  startup_stm32f10x_hd.o(.text)
    TIM3_IRQHandler                          0x080001ef   Thumb Code     0  startup_stm32f10x_hd.o(.text)
    TIM4_IRQHandler                          0x080001ef   Thumb Code     0  startup_stm32f10x_hd.o(.text)
    TIM5_IRQHandler                          0x080001ef   Thumb Code     0  startup_stm32f10x_hd.o(.text)
    TIM6_IRQHandler                          0x080001ef   Thumb Code     0  startup_stm32f10x_hd.o(.text)
    TIM7_IRQHandler                          0x080001ef   Thumb Code     0  startup_stm32f10x_hd.o(.text)
    TIM8_BRK_IRQHandler                      0x080001ef   Thumb Code     0  startup_stm32f10x_hd.o(.text)
    TIM8_CC_IRQHandler                       0x080001ef   Thumb Code     0  startup_stm32f10x_hd.o(.text)
    TIM8_TRG_COM_IRQHandler                  0x080001ef   Thumb Code     0  startup_stm32f10x_hd.o(.text)
    TIM8_UP_IRQHandler                       0x080001ef   Thumb Code     0  startup_stm32f10x_hd.o(.text)
    UART4_IRQHandler                         0x080001ef   Thumb Code     0  startup_stm32f10x_hd.o(.text)
    UART5_IRQHandler                         0x080001ef   Thumb Code     0  startup_stm32f10x_hd.o(.text)
    USART2_IRQHandler                        0x080001ef   Thumb Code     0  startup_stm32f10x_hd.o(.text)
    USART3_IRQHandler                        0x080001ef   Thumb Code     0  startup_stm32f10x_hd.o(.text)
    USBWakeUp_IRQHandler                     0x080001ef   Thumb Code     0  startup_stm32f10x_hd.o(.text)
    USB_HP_CAN1_TX_IRQHandler                0x080001ef   Thumb Code     0  startup_stm32f10x_hd.o(.text)
    USB_LP_CAN1_RX0_IRQHandler               0x080001ef   Thumb Code     0  startup_stm32f10x_hd.o(.text)
    WWDG_IRQHandler                          0x080001ef   Thumb Code     0  startup_stm32f10x_hd.o(.text)
    __user_initial_stackheap                 0x080001f1   Thumb Code     0  startup_stm32f10x_hd.o(.text)
    OS_CPU_SR_Save                           0x08000215   Thumb Code     0  os_cpu_a.o(.text)
    OS_CPU_SR_Restore                        0x0800021d   Thumb Code     0  os_cpu_a.o(.text)
    OSStartHighRdy                           0x08000223   Thumb Code     0  os_cpu_a.o(.text)
    OSCtxSw                                  0x08000245   Thumb Code     0  os_cpu_a.o(.text)
    OSIntCtxSw                               0x08000253   Thumb Code     0  os_cpu_a.o(.text)
    PendSV_Handler                           0x08000263   Thumb Code     0  os_cpu_a.o(.text)
    __use_no_semihosting                     0x080002c9   Thumb Code     2  use_no_semi_2.o(.text)
    malloc                                   0x080002cb   Thumb Code    94  h1_alloc.o(.text)
    free                                     0x08000329   Thumb Code    78  h1_free.o(.text)
    __2printf                                0x08000379   Thumb Code    20  noretval__2printf.o(.text)
    __use_two_region_memory                  0x08000391   Thumb Code     2  heapauxi.o(.text)
    __rt_heap_escrow                         0x08000393   Thumb Code     2  heapauxi.o(.text)
    __rt_heap_expand                         0x08000395   Thumb Code     2  heapauxi.o(.text)
    __I$use$semihosting                      0x08000397   Thumb Code     0  use_no_semi.o(.text)
    __use_no_semihosting_swi                 0x08000397   Thumb Code     2  use_no_semi.o(.text)
    __rt_heap_descriptor                     0x08000399   Thumb Code     8  rt_heap_descriptor_intlibspace.o(.text)
    __use_no_heap                            0x080003a1   Thumb Code     2  hguard.o(.text)
    __heap$guard                             0x080003a3   Thumb Code     2  hguard.o(.text)
    _terminate_user_alloc                    0x080003a5   Thumb Code     2  init_alloc.o(.text)
    _init_user_alloc                         0x080003a7   Thumb Code     2  init_alloc.o(.text)
    __Heap_Full                              0x080003a9   Thumb Code    34  init_alloc.o(.text)
    __Heap_Broken                            0x080003cb   Thumb Code     6  init_alloc.o(.text)
    _init_alloc                              0x080003d1   Thumb Code    94  init_alloc.o(.text)
    __Heap_Initialize                        0x0800042f   Thumb Code    10  h1_init.o(.text)
    __Heap_DescSize                          0x08000439   Thumb Code     4  h1_init.o(.text)
    _printf_char_file                        0x0800043d   Thumb Code    32  _printf_char_file.o(.text)
    __user_libspace                          0x08000461   Thumb Code     8  libspace.o(.text)
    __user_perproc_libspace                  0x08000461   Thumb Code     0  libspace.o(.text)
    __user_perthread_libspace                0x08000461   Thumb Code     0  libspace.o(.text)
    __Heap_ProvideMemory                     0x08000469   Thumb Code    52  h1_extend.o(.text)
    _printf_char_common                      0x080004a7   Thumb Code    32  _printf_char_common.o(.text)
    ferror                                   0x080004cd   Thumb Code     8  ferror.o(.text)
    __rt_SIGRTMEM                            0x080004d5   Thumb Code    14  defsig_rtmem_outer.o(.text)
    __user_setup_stackheap                   0x080004e3   Thumb Code    74  sys_stackheap_outer.o(.text)
    __printf                                 0x0800052d   Thumb Code    40  __printf_nopercent.o(.text)
    exit                                     0x08000555   Thumb Code    18  exit.o(.text)
    __sig_exit                               0x08000567   Thumb Code    10  defsig_exit.o(.text)
    __rt_SIGRTMEM_inner                      0x08000571   Thumb Code    22  defsig_rtmem_inner.o(.text)
    __default_signal_display                 0x080005c1   Thumb Code    50  defsig_general.o(.text)
    BusFault_Handler                         0x080005f3   Thumb Code     4  stm32f10x_it.o(i.BusFault_Handler)
    CTL_task                                 0x080005f9   Thumb Code   540  main.o(i.CTL_task)
    DebugMon_Handler                         0x080008d5   Thumb Code     2  stm32f10x_it.o(i.DebugMon_Handler)
    ELEVATOR_task                            0x080008d9   Thumb Code   300  main.o(i.ELEVATOR_task)
    GPIO_Init                                0x08000ae5   Thumb Code   278  stm32f10x_gpio.o(i.GPIO_Init)
    GPIO_ResetBits                           0x08000bfb   Thumb Code     4  stm32f10x_gpio.o(i.GPIO_ResetBits)
    HardFault_Handler                        0x08000bff   Thumb Code     4  stm32f10x_it.o(i.HardFault_Handler)
    KEYSCAN_task                             0x08000c05   Thumb Code    42  main.o(i.KEYSCAN_task)
    KEY_Scan                                 0x08000c35   Thumb Code   236  led.o(i.KEY_Scan)
    LED_Init                                 0x08000d29   Thumb Code    72  led.o(i.LED_Init)
    MemManage_Handler                        0x08000d75   Thumb Code     4  stm32f10x_it.o(i.MemManage_Handler)
    NMI_Handler                              0x08000d79   Thumb Code     2  stm32f10x_it.o(i.NMI_Handler)
    NVIC_Init                                0x08000d7d   Thumb Code   100  misc.o(i.NVIC_Init)
    NVIC_PriorityGroupConfig                 0x08000ded   Thumb Code    10  misc.o(i.NVIC_PriorityGroupConfig)
    OSInit                                   0x08000e01   Thumb Code    44  os_core.o(i.OSInit)
    OSInitHookBegin                          0x08000e2d   Thumb Code     2  os_cpu_c.o(i.OSInitHookBegin)
    OSInitHookEnd                            0x08000e2f   Thumb Code     2  os_cpu_c.o(i.OSInitHookEnd)
    OSIntEnter                               0x08000e31   Thumb Code    28  os_core.o(i.OSIntEnter)
    OSIntExit                                0x08000e55   Thumb Code   112  os_core.o(i.OSIntExit)
    OSQCreate                                0x08000ee5   Thumb Code   140  os_q.o(i.OSQCreate)
    OSQPend                                  0x08000f7d   Thumb Code   272  os_q.o(i.OSQPend)
    OSQPost                                  0x08001099   Thumb Code   114  os_q.o(i.OSQPost)
    OSSchedLock                              0x0800110d   Thumb Code    50  os_core.o(i.OSSchedLock)
    OSSchedUnlock                            0x0800114d   Thumb Code    82  os_core.o(i.OSSchedUnlock)
    OSStart                                  0x080011ad   Thumb Code    48  os_core.o(i.OSStart)
    OSTCBInitHook                            0x080011f5   Thumb Code     2  os_cpu_c.o(i.OSTCBInitHook)
    OSTaskCreate                             0x080011f9   Thumb Code   148  os_task.o(i.OSTaskCreate)
    OSTaskCreateExt                          0x08001299   Thumb Code   170  os_task.o(i.OSTaskCreateExt)
    OSTaskCreateHook                         0x08001351   Thumb Code     2  os_cpu_c.o(i.OSTaskCreateHook)
    OSTaskIdleHook                           0x08001353   Thumb Code     2  os_cpu_c.o(i.OSTaskIdleHook)
    OSTaskNameSet                            0x08001355   Thumb Code    98  os_task.o(i.OSTaskNameSet)
    OSTaskStatHook                           0x080013c5   Thumb Code     2  os_cpu_c.o(i.OSTaskStatHook)
    OSTaskStkChk                             0x080013c9   Thumb Code   132  os_task.o(i.OSTaskStkChk)
    OSTaskStkInit                            0x08001455   Thumb Code   154  os_cpu_c.o(i.OSTaskStkInit)
    OSTaskSuspend                            0x080014f1   Thumb Code   152  os_task.o(i.OSTaskSuspend)
    OSTaskSwHook                             0x08001599   Thumb Code     2  os_cpu_c.o(i.OSTaskSwHook)
    OSTimeDly                                0x0800159d   Thumb Code   100  os_time.o(i.OSTimeDly)
    OSTimeTick                               0x08001615   Thumb Code   210  os_core.o(i.OSTimeTick)
    OSTimeTickHook                           0x08001701   Thumb Code     2  os_cpu_c.o(i.OSTimeTickHook)
    OS_EventTaskRdy                          0x08001705   Thumb Code   114  os_core.o(i.OS_EventTaskRdy)
    OS_EventTaskRemove                       0x08001789   Thumb Code    42  os_core.o(i.OS_EventTaskRemove)
    OS_EventTaskWait                         0x080017b5   Thumb Code   112  os_core.o(i.OS_EventTaskWait)
    OS_EventWaitListInit                     0x08001831   Thumb Code    28  os_core.o(i.OS_EventWaitListInit)
    OS_FlagInit                              0x0800184d   Thumb Code    74  os_flag.o(i.OS_FlagInit)
    OS_MemClr                                0x08001ab1   Thumb Code    18  os_core.o(i.OS_MemClr)
    OS_QInit                                 0x08001ac5   Thumb Code    72  os_q.o(i.OS_QInit)
    OS_Sched                                 0x08001b15   Thumb Code    88  os_core.o(i.OS_Sched)
    OS_TCBInit                               0x08001bb5   Thumb Code   278  os_core.o(i.OS_TCBInit)
    OS_TaskIdle                              0x08001ce9   Thumb Code    34  os_core.o(i.OS_TaskIdle)
    OS_TaskStat                              0x08001d11   Thumb Code   116  os_core.o(i.OS_TaskStat)
    OS_TaskStatStkChk                        0x08001d99   Thumb Code    54  os_core.o(i.OS_TaskStatStkChk)
    OS_TaskStkClr                            0x08001dd5   Thumb Code    26  os_task.o(i.OS_TaskStkClr)
    RCC_APB2PeriphClockCmd                   0x08001df1   Thumb Code    26  stm32f10x_rcc.o(i.RCC_APB2PeriphClockCmd)
    RCC_GetClocksFreq                        0x08001e11   Thumb Code   192  stm32f10x_rcc.o(i.RCC_GetClocksFreq)
    SVC_Handler                              0x08001ee5   Thumb Code     2  stm32f10x_it.o(i.SVC_Handler)
    SysTick_CLKSourceConfig                  0x08001fd1   Thumb Code    40  misc.o(i.SysTick_CLKSourceConfig)
    SysTick_Handler                          0x08001ff9   Thumb Code    24  delay.o(i.SysTick_Handler)
    SystemInit                               0x08002015   Thumb Code    78  system_stm32f10x.o(i.SystemInit)
    USART1_IRQHandler                        0x08002075   Thumb Code   130  usart.o(i.USART1_IRQHandler)
    USART_Cmd                                0x08002105   Thumb Code    24  stm32f10x_usart.o(i.USART_Cmd)
    USART_GetITStatus                        0x0800211d   Thumb Code    84  stm32f10x_usart.o(i.USART_GetITStatus)
    USART_ITConfig                           0x08002171   Thumb Code    74  stm32f10x_usart.o(i.USART_ITConfig)
    USART_Init                               0x080021bd   Thumb Code   210  stm32f10x_usart.o(i.USART_Init)
    USART_ReceiveData                        0x08002295   Thumb Code    10  stm32f10x_usart.o(i.USART_ReceiveData)
    UsageFault_Handler                       0x0800229f   Thumb Code     4  stm32f10x_it.o(i.UsageFault_Handler)
    _sys_exit                                0x080022a3   Thumb Code     6  usart.o(i._sys_exit)
    _ttywrch                                 0x080022a9   Thumb Code     6  usart.o(i._ttywrch)
    delay_init                               0x080022b1   Thumb Code    76  delay.o(i.delay_init)
    delay_ms                                 0x0800230d   Thumb Code    66  delay.o(i.delay_ms)
    delay_osschedlock                        0x0800235d   Thumb Code     8  delay.o(i.delay_osschedlock)
    delay_osschedunlock                      0x08002365   Thumb Code     8  delay.o(i.delay_osschedunlock)
    delay_ostimedly                          0x0800236d   Thumb Code    12  delay.o(i.delay_ostimedly)
    delay_us                                 0x08002379   Thumb Code    86  delay.o(i.delay_us)
    fputc                                    0x080023d5   Thumb Code    24  usart.o(i.fputc)
    main                                     0x080023f1   Thumb Code   110  main.o(i.main)
    uart_init                                0x08002491   Thumb Code   152  usart.o(i.uart_init)
    OSUnMapTbl                               0x08002532   Data         256  os_core.o(.constdata)
    Region$$Table$$Base                      0x08002634   Number         0  anon$$obj.o(Region$$Table)
    Region$$Table$$Limit                     0x08002654   Number         0  anon$$obj.o(Region$$Table)
    KeyScan_Msg_Event                        0x20000000   Data           4  main.o(.data)
    ELEV_Msg_Event                           0x20000004   Data           4  main.o(.data)
    CTL_Msg_Event                            0x20000008   Data           4  main.o(.data)
    SystemCoreClock                          0x2000000c   Data           4  system_stm32f10x.o(.data)
    AHBPrescTable                            0x20000010   Data          16  system_stm32f10x.o(.data)
    __stdout                                 0x20000028   Data           4  usart.o(.data)
    USART_RX_STA                             0x2000002c   Data           2  usart.o(.data)
    OSCtxSwCtr                               0x20000044   Data           4  os_core.o(.data)
    OSEventFreeList                          0x20000048   Data           4  os_core.o(.data)
    OSFlagFreeList                           0x2000004c   Data           4  os_core.o(.data)
    OSCPUUsage                               0x20000050   Data           1  os_core.o(.data)
    OSIdleCtrMax                             0x20000054   Data           4  os_core.o(.data)
    OSIdleCtrRun                             0x20000058   Data           4  os_core.o(.data)
    OSStatRdy                                0x2000005c   Data           1  os_core.o(.data)
    OSIntNesting                             0x2000005d   Data           1  os_core.o(.data)
    OSLockNesting                            0x2000005e   Data           1  os_core.o(.data)
    OSPrioCur                                0x2000005f   Data           1  os_core.o(.data)
    OSPrioHighRdy                            0x20000060   Data           1  os_core.o(.data)
    OSRdyGrp                                 0x20000061   Data           1  os_core.o(.data)
    OSRdyTbl                                 0x20000062   Data           8  os_core.o(.data)
    OSRunning                                0x2000006a   Data           1  os_core.o(.data)
    OSTaskCtr                                0x2000006b   Data           1  os_core.o(.data)
    OSIdleCtr                                0x2000006c   Data           4  os_core.o(.data)
    OSTCBCur                                 0x20000070   Data           4  os_core.o(.data)
    OSTCBFreeList                            0x20000074   Data           4  os_core.o(.data)
    OSTCBHighRdy                             0x20000078   Data           4  os_core.o(.data)
    OSTCBList                                0x2000007c   Data           4  os_core.o(.data)
    OSTickStepState                          0x20000080   Data           1  os_core.o(.data)
    OSQFreeList                              0x20000084   Data           4  os_core.o(.data)
    OSTime                                   0x20000088   Data           4  os_core.o(.data)
    KeyScanMessagePtr                        0x2000008c   Data          40  main.o(.bss)
    ELEVMessagePtr                           0x200000b4   Data          40  main.o(.bss)
    CTLMessagePtr                            0x200000dc   Data          40  main.o(.bss)
    KEYSCAN_TASK_STK                         0x20000104   Data         256  main.o(.bss)
    CTL_TASK_STK                             0x20000204   Data         256  main.o(.bss)
    ELEVATOR_TASK_STK                        0x20000304   Data         256  main.o(.bss)
    USART_RX_BUF                             0x20000404   Data         200  usart.o(.bss)
    OSEventTbl                               0x200004cc   Data         200  os_core.o(.bss)
    OSFlagTbl                                0x20000594   Data          80  os_core.o(.bss)
    OSTaskStatStk                            0x200005e4   Data         512  os_core.o(.bss)
    OSTaskIdleStk                            0x200007e4   Data         512  os_core.o(.bss)
    OSTCBPrioTbl                             0x200009e4   Data         256  os_core.o(.bss)
    OSTCBTbl                                 0x20000ae4   Data        1008  os_core.o(.bss)
    OSQTbl                                   0x20000ed4   Data         120  os_core.o(.bss)
    __libspace_start                         0x20000f4c   Data          96  libspace.o(.bss)
    __temporary_stack_top$libspace           0x20000fac   Data           0  libspace.o(.bss)



==============================================================================

Memory Map of the image

  Image Entry point : 0x080001d5

  Load Region LR_1 (Base: 0x08000000, Size: 0x000026e0, Max: 0xffffffff, ABSOLUTE)

    Execution Region ER_RO (Exec base: 0x08000000, Load base: 0x08000000, Size: 0x00002654, Max: 0xffffffff, ABSOLUTE)

    Exec Addr    Load Addr    Size         Type   Attr      Idx    E Section Name        Object

    0x08000000   0x08000000   0x00000130   Data   RO          436    RESET               startup_stm32f10x_hd.o
    0x08000130   0x08000130   0x00000008   Code   RO         1786  * !!!main             c_w.l(__main.o)
    0x08000138   0x08000138   0x00000034   Code   RO         1995    !!!scatter          c_w.l(__scatter.o)
    0x0800016c   0x0800016c   0x0000001a   Code   RO         1997    !!handler_copy      c_w.l(__scatter_copy.o)
    0x08000186   0x08000186   0x00000002   PAD
    0x08000188   0x08000188   0x0000001c   Code   RO         1999    !!handler_zi        c_w.l(__scatter_zi.o)
    0x080001a4   0x080001a4   0x00000002   Code   RO         1938    .ARM.Collect$$libinit$$00000000  c_w.l(libinit.o)
    0x080001a6   0x080001a6   0x00000000   Code   RO         1825    .ARM.Collect$$libinit$$00000002  c_w.l(libinit2.o)
    0x080001a6   0x080001a6   0x00000000   Code   RO         1827    .ARM.Collect$$libinit$$00000004  c_w.l(libinit2.o)
    0x080001a6   0x080001a6   0x00000008   Code   RO         1828    .ARM.Collect$$libinit$$00000005  c_w.l(libinit2.o)
    0x080001ae   0x080001ae   0x00000000   Code   RO         1830    .ARM.Collect$$libinit$$0000000A  c_w.l(libinit2.o)
    0x080001ae   0x080001ae   0x00000000   Code   RO         1832    .ARM.Collect$$libinit$$0000000C  c_w.l(libinit2.o)
    0x080001ae   0x080001ae   0x00000000   Code   RO         1834    .ARM.Collect$$libinit$$0000000E  c_w.l(libinit2.o)
    0x080001ae   0x080001ae   0x00000000   Code   RO         1837    .ARM.Collect$$libinit$$00000011  c_w.l(libinit2.o)
    0x080001ae   0x080001ae   0x00000000   Code   RO         1839    .ARM.Collect$$libinit$$00000013  c_w.l(libinit2.o)
    0x080001ae   0x080001ae   0x00000000   Code   RO         1841    .ARM.Collect$$libinit$$00000015  c_w.l(libinit2.o)
    0x080001ae   0x080001ae   0x00000000   Code   RO         1843    .ARM.Collect$$libinit$$00000017  c_w.l(libinit2.o)
    0x080001ae   0x080001ae   0x00000000   Code   RO         1845    .ARM.Collect$$libinit$$00000019  c_w.l(libinit2.o)
    0x080001ae   0x080001ae   0x00000000   Code   RO         1847    .ARM.Collect$$libinit$$0000001B  c_w.l(libinit2.o)
    0x080001ae   0x080001ae   0x00000000   Code   RO         1849    .ARM.Collect$$libinit$$0000001D  c_w.l(libinit2.o)
    0x080001ae   0x080001ae   0x00000000   Code   RO         1851    .ARM.Collect$$libinit$$0000001F  c_w.l(libinit2.o)
    0x080001ae   0x080001ae   0x00000000   Code   RO         1853    .ARM.Collect$$libinit$$00000021  c_w.l(libinit2.o)
    0x080001ae   0x080001ae   0x00000000   Code   RO         1855    .ARM.Collect$$libinit$$00000023  c_w.l(libinit2.o)
    0x080001ae   0x080001ae   0x00000000   Code   RO         1857    .ARM.Collect$$libinit$$00000025  c_w.l(libinit2.o)
    0x080001ae   0x080001ae   0x00000000   Code   RO         1861    .ARM.Collect$$libinit$$0000002C  c_w.l(libinit2.o)
    0x080001ae   0x080001ae   0x00000000   Code   RO         1863    .ARM.Collect$$libinit$$0000002E  c_w.l(libinit2.o)
    0x080001ae   0x080001ae   0x00000000   Code   RO         1865    .ARM.Collect$$libinit$$00000030  c_w.l(libinit2.o)
    0x080001ae   0x080001ae   0x00000000   Code   RO         1867    .ARM.Collect$$libinit$$00000032  c_w.l(libinit2.o)
    0x080001ae   0x080001ae   0x00000002   Code   RO         1868    .ARM.Collect$$libinit$$00000033  c_w.l(libinit2.o)
    0x080001b0   0x080001b0   0x00000002   Code   RO         1992    .ARM.Collect$$libshutdown$$00000000  c_w.l(libshutdown.o)
    0x080001b2   0x080001b2   0x00000000   Code   RO         1950    .ARM.Collect$$libshutdown$$00000002  c_w.l(libshutdown2.o)
    0x080001b2   0x080001b2   0x00000000   Code   RO         1952    .ARM.Collect$$libshutdown$$00000004  c_w.l(libshutdown2.o)
    0x080001b2   0x080001b2   0x00000000   Code   RO         1955    .ARM.Collect$$libshutdown$$00000007  c_w.l(libshutdown2.o)
    0x080001b2   0x080001b2   0x00000000   Code   RO         1958    .ARM.Collect$$libshutdown$$0000000A  c_w.l(libshutdown2.o)
    0x080001b2   0x080001b2   0x00000000   Code   RO         1960    .ARM.Collect$$libshutdown$$0000000C  c_w.l(libshutdown2.o)
    0x080001b2   0x080001b2   0x00000000   Code   RO         1963    .ARM.Collect$$libshutdown$$0000000F  c_w.l(libshutdown2.o)
    0x080001b2   0x080001b2   0x00000002   Code   RO         1964    .ARM.Collect$$libshutdown$$00000010  c_w.l(libshutdown2.o)
    0x080001b4   0x080001b4   0x00000000   Code   RO         1792    .ARM.Collect$$rtentry$$00000000  c_w.l(__rtentry.o)
    0x080001b4   0x080001b4   0x00000000   Code   RO         1875    .ARM.Collect$$rtentry$$00000002  c_w.l(__rtentry2.o)
    0x080001b4   0x080001b4   0x00000006   Code   RO         1887    .ARM.Collect$$rtentry$$00000004  c_w.l(__rtentry4.o)
    0x080001ba   0x080001ba   0x00000000   Code   RO         1877    .ARM.Collect$$rtentry$$00000009  c_w.l(__rtentry2.o)
    0x080001ba   0x080001ba   0x00000004   Code   RO         1878    .ARM.Collect$$rtentry$$0000000A  c_w.l(__rtentry2.o)
    0x080001be   0x080001be   0x00000000   Code   RO         1880    .ARM.Collect$$rtentry$$0000000C  c_w.l(__rtentry2.o)
    0x080001be   0x080001be   0x00000008   Code   RO         1881    .ARM.Collect$$rtentry$$0000000D  c_w.l(__rtentry2.o)
    0x080001c6   0x080001c6   0x00000002   Code   RO         1939    .ARM.Collect$$rtexit$$00000000  c_w.l(rtexit.o)
    0x080001c8   0x080001c8   0x00000000   Code   RO         1966    .ARM.Collect$$rtexit$$00000002  c_w.l(rtexit2.o)
    0x080001c8   0x080001c8   0x00000004   Code   RO         1967    .ARM.Collect$$rtexit$$00000003  c_w.l(rtexit2.o)
    0x080001cc   0x080001cc   0x00000006   Code   RO         1968    .ARM.Collect$$rtexit$$00000004  c_w.l(rtexit2.o)
    0x080001d2   0x080001d2   0x00000002   PAD
    0x080001d4   0x080001d4   0x00000000   Code   RO         1891    .emb_text           c_w.l(maybetermalloc1.o)
    0x080001d4   0x080001d4   0x00000040   Code   RO          437  * .text               startup_stm32f10x_hd.o
    0x08000214   0x08000214   0x000000b4   Code   RO         1629    .text               os_cpu_a.o
    0x080002c8   0x080002c8   0x00000002   Code   RO         1716    .text               c_w.l(use_no_semi_2.o)
    0x080002ca   0x080002ca   0x0000005e   Code   RO         1722    .text               c_w.l(h1_alloc.o)
    0x08000328   0x08000328   0x0000004e   Code   RO         1724    .text               c_w.l(h1_free.o)
    0x08000376   0x08000376   0x00000002   PAD
    0x08000378   0x08000378   0x00000018   Code   RO         1782    .text               c_w.l(noretval__2printf.o)
    0x08000390   0x08000390   0x00000006   Code   RO         1784    .text               c_w.l(heapauxi.o)
    0x08000396   0x08000396   0x00000002   Code   RO         1788    .text               c_w.l(use_no_semi.o)
    0x08000398   0x08000398   0x00000008   Code   RO         1796    .text               c_w.l(rt_heap_descriptor_intlibspace.o)
    0x080003a0   0x080003a0   0x00000004   Code   RO         1798    .text               c_w.l(hguard.o)
    0x080003a4   0x080003a4   0x0000008a   Code   RO         1800    .text               c_w.l(init_alloc.o)
    0x0800042e   0x0800042e   0x0000000e   Code   RO         1804    .text               c_w.l(h1_init.o)
    0x0800043c   0x0800043c   0x00000024   Code   RO         1818    .text               c_w.l(_printf_char_file.o)
    0x08000460   0x08000460   0x00000008   Code   RO         1871    .text               c_w.l(libspace.o)
    0x08000468   0x08000468   0x00000034   Code   RO         1893    .text               c_w.l(h1_extend.o)
    0x0800049c   0x0800049c   0x00000030   Code   RO         1897    .text               c_w.l(_printf_char_common.o)
    0x080004cc   0x080004cc   0x00000008   Code   RO         1899    .text               c_w.l(ferror.o)
    0x080004d4   0x080004d4   0x0000000e   Code   RO         1903    .text               c_w.l(defsig_rtmem_outer.o)
    0x080004e2   0x080004e2   0x0000004a   Code   RO         1915    .text               c_w.l(sys_stackheap_outer.o)
    0x0800052c   0x0800052c   0x00000028   Code   RO         1921    .text               c_w.l(__printf_nopercent.o)
    0x08000554   0x08000554   0x00000012   Code   RO         1923    .text               c_w.l(exit.o)
    0x08000566   0x08000566   0x0000000a   Code   RO         1925    .text               c_w.l(defsig_exit.o)
    0x08000570   0x08000570   0x00000050   Code   RO         1927    .text               c_w.l(defsig_rtmem_inner.o)
    0x080005c0   0x080005c0   0x00000032   Code   RO         1947    .text               c_w.l(defsig_general.o)
    0x080005f2   0x080005f2   0x00000004   Code   RO          168    i.BusFault_Handler  stm32f10x_it.o
    0x080005f6   0x080005f6   0x00000002   PAD
    0x080005f8   0x080005f8   0x000002dc   Code   RO            1    i.CTL_task          main.o
    0x080008d4   0x080008d4   0x00000002   Code   RO          169    i.DebugMon_Handler  stm32f10x_it.o
    0x080008d6   0x080008d6   0x00000002   PAD
    0x080008d8   0x080008d8   0x0000020c   Code   RO            2    i.ELEVATOR_task     main.o
    0x08000ae4   0x08000ae4   0x00000116   Code   RO          483    i.GPIO_Init         stm32f10x_gpio.o
    0x08000bfa   0x08000bfa   0x00000004   Code   RO          490    i.GPIO_ResetBits    stm32f10x_gpio.o
    0x08000bfe   0x08000bfe   0x00000004   Code   RO          170    i.HardFault_Handler  stm32f10x_it.o
    0x08000c02   0x08000c02   0x00000002   PAD
    0x08000c04   0x08000c04   0x00000030   Code   RO            3    i.KEYSCAN_task      main.o
    0x08000c34   0x08000c34   0x000000f4   Code   RO          279    i.KEY_Scan          led.o
    0x08000d28   0x08000d28   0x0000004c   Code   RO          280    i.LED_Init          led.o
    0x08000d74   0x08000d74   0x00000004   Code   RO          171    i.MemManage_Handler  stm32f10x_it.o
    0x08000d78   0x08000d78   0x00000002   Code   RO          172    i.NMI_Handler       stm32f10x_it.o
    0x08000d7a   0x08000d7a   0x00000002   PAD
    0x08000d7c   0x08000d7c   0x00000070   Code   RO          441    i.NVIC_Init         misc.o
    0x08000dec   0x08000dec   0x00000014   Code   RO          442    i.NVIC_PriorityGroupConfig  misc.o
    0x08000e00   0x08000e00   0x0000002c   Code   RO          995    i.OSInit            os_core.o
    0x08000e2c   0x08000e2c   0x00000002   Code   RO         1632    i.OSInitHookBegin   os_cpu_c.o
    0x08000e2e   0x08000e2e   0x00000002   Code   RO         1633    i.OSInitHookEnd     os_cpu_c.o
    0x08000e30   0x08000e30   0x00000024   Code   RO          996    i.OSIntEnter        os_core.o
    0x08000e54   0x08000e54   0x00000090   Code   RO          997    i.OSIntExit         os_core.o
    0x08000ee4   0x08000ee4   0x00000098   Code   RO         1366    i.OSQCreate         os_q.o
    0x08000f7c   0x08000f7c   0x0000011c   Code   RO         1369    i.OSQPend           os_q.o
    0x08001098   0x08001098   0x00000072   Code   RO         1371    i.OSQPost           os_q.o
    0x0800110a   0x0800110a   0x00000002   PAD
    0x0800110c   0x0800110c   0x00000040   Code   RO          998    i.OSSchedLock       os_core.o
    0x0800114c   0x0800114c   0x00000060   Code   RO          999    i.OSSchedUnlock     os_core.o
    0x080011ac   0x080011ac   0x00000048   Code   RO         1000    i.OSStart           os_core.o
    0x080011f4   0x080011f4   0x00000002   Code   RO         1634    i.OSTCBInitHook     os_cpu_c.o
    0x080011f6   0x080011f6   0x00000002   PAD
    0x080011f8   0x080011f8   0x000000a0   Code   RO         1492    i.OSTaskCreate      os_task.o
    0x08001298   0x08001298   0x000000b8   Code   RO         1493    i.OSTaskCreateExt   os_task.o
    0x08001350   0x08001350   0x00000002   Code   RO         1635    i.OSTaskCreateHook  os_cpu_c.o
    0x08001352   0x08001352   0x00000002   Code   RO         1637    i.OSTaskIdleHook    os_cpu_c.o
    0x08001354   0x08001354   0x00000070   Code   RO         1497    i.OSTaskNameSet     os_task.o
    0x080013c4   0x080013c4   0x00000002   Code   RO         1639    i.OSTaskStatHook    os_cpu_c.o
    0x080013c6   0x080013c6   0x00000002   PAD
    0x080013c8   0x080013c8   0x0000008c   Code   RO         1502    i.OSTaskStkChk      os_task.o
    0x08001454   0x08001454   0x0000009a   Code   RO         1640    i.OSTaskStkInit     os_cpu_c.o
    0x080014ee   0x080014ee   0x00000002   PAD
    0x080014f0   0x080014f0   0x000000a8   Code   RO         1503    i.OSTaskSuspend     os_task.o
    0x08001598   0x08001598   0x00000002   Code   RO         1641    i.OSTaskSwHook      os_cpu_c.o
    0x0800159a   0x0800159a   0x00000002   PAD
    0x0800159c   0x0800159c   0x00000078   Code   RO         1587    i.OSTimeDly         os_time.o
    0x08001614   0x08001614   0x000000ec   Code   RO         1002    i.OSTimeTick        os_core.o
    0x08001700   0x08001700   0x00000002   Code   RO         1642    i.OSTimeTickHook    os_cpu_c.o
    0x08001702   0x08001702   0x00000002   PAD
    0x08001704   0x08001704   0x00000084   Code   RO         1005    i.OS_EventTaskRdy   os_core.o
    0x08001788   0x08001788   0x0000002a   Code   RO         1006    i.OS_EventTaskRemove  os_core.o
    0x080017b2   0x080017b2   0x00000002   PAD
    0x080017b4   0x080017b4   0x0000007c   Code   RO         1007    i.OS_EventTaskWait  os_core.o
    0x08001830   0x08001830   0x0000001c   Code   RO         1008    i.OS_EventWaitListInit  os_core.o
    0x0800184c   0x0800184c   0x00000058   Code   RO         1186    i.OS_FlagInit       os_flag.o
    0x080018a4   0x080018a4   0x00000054   Code   RO         1009    i.OS_InitEventList  os_core.o
    0x080018f8   0x080018f8   0x00000054   Code   RO         1010    i.OS_InitMisc       os_core.o
    0x0800194c   0x0800194c   0x00000044   Code   RO         1011    i.OS_InitRdyList    os_core.o
    0x08001990   0x08001990   0x00000080   Code   RO         1012    i.OS_InitTCBList    os_core.o
    0x08001a10   0x08001a10   0x00000050   Code   RO         1013    i.OS_InitTaskIdle   os_core.o
    0x08001a60   0x08001a60   0x00000050   Code   RO         1014    i.OS_InitTaskStat   os_core.o
    0x08001ab0   0x08001ab0   0x00000012   Code   RO         1015    i.OS_MemClr         os_core.o
    0x08001ac2   0x08001ac2   0x00000002   PAD
    0x08001ac4   0x08001ac4   0x00000050   Code   RO         1375    i.OS_QInit          os_q.o
    0x08001b14   0x08001b14   0x00000074   Code   RO         1017    i.OS_Sched          os_core.o
    0x08001b88   0x08001b88   0x0000002c   Code   RO         1018    i.OS_SchedNew       os_core.o
    0x08001bb4   0x08001bb4   0x00000134   Code   RO         1020    i.OS_TCBInit        os_core.o
    0x08001ce8   0x08001ce8   0x00000028   Code   RO         1021    i.OS_TaskIdle       os_core.o
    0x08001d10   0x08001d10   0x00000088   Code   RO         1022    i.OS_TaskStat       os_core.o
    0x08001d98   0x08001d98   0x0000003c   Code   RO         1023    i.OS_TaskStatStkChk  os_core.o
    0x08001dd4   0x08001dd4   0x0000001a   Code   RO         1505    i.OS_TaskStkClr     os_task.o
    0x08001dee   0x08001dee   0x00000002   PAD
    0x08001df0   0x08001df0   0x00000020   Code   RO          619    i.RCC_APB2PeriphClockCmd  stm32f10x_rcc.o
    0x08001e10   0x08001e10   0x000000d4   Code   RO          627    i.RCC_GetClocksFreq  stm32f10x_rcc.o
    0x08001ee4   0x08001ee4   0x00000002   Code   RO          173    i.SVC_Handler       stm32f10x_it.o
    0x08001ee6   0x08001ee6   0x00000008   Code   RO          245    i.SetSysClock       system_stm32f10x.o
    0x08001eee   0x08001eee   0x00000002   PAD
    0x08001ef0   0x08001ef0   0x000000e0   Code   RO          246    i.SetSysClockTo72   system_stm32f10x.o
    0x08001fd0   0x08001fd0   0x00000028   Code   RO          445    i.SysTick_CLKSourceConfig  misc.o
    0x08001ff8   0x08001ff8   0x0000001c   Code   RO          298    i.SysTick_Handler   delay.o
    0x08002014   0x08002014   0x00000060   Code   RO          248    i.SystemInit        system_stm32f10x.o
    0x08002074   0x08002074   0x00000090   Code   RO          377    i.USART1_IRQHandler  usart.o
    0x08002104   0x08002104   0x00000018   Code   RO          819    i.USART_Cmd         stm32f10x_usart.o
    0x0800211c   0x0800211c   0x00000054   Code   RO          823    i.USART_GetITStatus  stm32f10x_usart.o
    0x08002170   0x08002170   0x0000004a   Code   RO          825    i.USART_ITConfig    stm32f10x_usart.o
    0x080021ba   0x080021ba   0x00000002   PAD
    0x080021bc   0x080021bc   0x000000d8   Code   RO          826    i.USART_Init        stm32f10x_usart.o
    0x08002294   0x08002294   0x0000000a   Code   RO          833    i.USART_ReceiveData  stm32f10x_usart.o
    0x0800229e   0x0800229e   0x00000004   Code   RO          174    i.UsageFault_Handler  stm32f10x_it.o
    0x080022a2   0x080022a2   0x00000006   Code   RO          378    i._sys_exit         usart.o
    0x080022a8   0x080022a8   0x00000006   Code   RO          379    i._ttywrch          usart.o
    0x080022ae   0x080022ae   0x00000002   PAD
    0x080022b0   0x080022b0   0x0000005c   Code   RO          299    i.delay_init        delay.o
    0x0800230c   0x0800230c   0x00000050   Code   RO          300    i.delay_ms          delay.o
    0x0800235c   0x0800235c   0x00000008   Code   RO          301    i.delay_osschedlock  delay.o
    0x08002364   0x08002364   0x00000008   Code   RO          302    i.delay_osschedunlock  delay.o
    0x0800236c   0x0800236c   0x0000000c   Code   RO          303    i.delay_ostimedly   delay.o
    0x08002378   0x08002378   0x0000005c   Code   RO          304    i.delay_us          delay.o
    0x080023d4   0x080023d4   0x0000001c   Code   RO          380    i.fputc             usart.o
    0x080023f0   0x080023f0   0x000000a0   Code   RO            4    i.main              main.o
    0x08002490   0x08002490   0x000000a0   Code   RO          381    i.uart_init         usart.o
    0x08002530   0x08002530   0x00000002   Data   RO            6    .constdata          main.o
    0x08002532   0x08002532   0x00000100   Data   RO         1025    .constdata          os_core.o
    0x08002632   0x08002632   0x00000002   PAD
    0x08002634   0x08002634   0x00000020   Data   RO         1993    Region$$Table       anon$$obj.o


    Execution Region ER_RW (Exec base: 0x20000000, Load base: 0x08002654, Size: 0x0000008c, Max: 0xffffffff, ABSOLUTE)

    Exec Addr    Load Addr    Size         Type   Attr      Idx    E Section Name        Object

    0x20000000   0x08002654   0x0000000c   Data   RW            7    .data               main.o
    0x2000000c   0x08002660   0x00000014   Data   RW          249    .data               system_stm32f10x.o
    0x20000020   0x08002674   0x00000001   Data   RW          281    .data               led.o
    0x20000021   0x08002675   0x00000001   PAD
    0x20000022   0x08002676   0x00000004   Data   RW          305    .data               delay.o
    0x20000026   0x0800267a   0x00000002   PAD
    0x20000028   0x0800267c   0x00000006   Data   RW          383    .data               usart.o
    0x2000002e   0x08002682   0x00000014   Data   RW          647    .data               stm32f10x_rcc.o
    0x20000042   0x08002696   0x00000002   PAD
    0x20000044   0x08002698   0x00000048   Data   RW         1026    .data               os_core.o


    Execution Region ER_ZI (Exec base: 0x2000008c, Load base: 0x080026e0, Size: 0x00001524, Max: 0xffffffff, ABSOLUTE)

    Exec Addr    Load Addr    Size         Type   Attr      Idx    E Section Name        Object

    0x2000008c        -       0x00000378   Zero   RW            5    .bss                main.o
    0x20000404        -       0x000000c8   Zero   RW          382    .bss                usart.o
    0x200004cc        -       0x00000a80   Zero   RW         1024    .bss                os_core.o
    0x20000f4c        -       0x00000060   Zero   RW         1872    .bss                c_w.l(libspace.o)
    0x20000fac   0x080026e0   0x00000004   PAD
    0x20000fb0        -       0x00000200   Zero   RW          435    HEAP                startup_stm32f10x_hd.o
    0x200011b0        -       0x00000400   Zero   RW          434    STACK               startup_stm32f10x_hd.o


==============================================================================

Image component sizes


      Code (inc. data)   RO Data    RW Data    ZI Data      Debug   Object Name

       320         40          0          4          0       3857   delay.o
       320         12          0          1          0       1206   led.o
      1464        480          2         12        888     244326   main.o
       172         22          0          0          0       2081   misc.o
      2264        412        256         72       2688      21808   os_core.o
       180         36          0          0          0        336   os_cpu_a.o
       170          0          0          0          0      12851   os_cpu_c.o
        88         14          0          0          0        594   os_flag.o
       630         32          0          0          0       3443   os_q.o
       790         64          0          0          0       5452   os_task.o
       120         20          0          0          0        632   os_time.o
        64         26        304          0       1536        804   startup_stm32f10x_hd.o
       282          0          0          0          0       2521   stm32f10x_gpio.o
        22          0          0          0          0       2923   stm32f10x_it.o
       244         26          0         20          0       3893   stm32f10x_rcc.o
       408          6          0          0          0       5030   stm32f10x_usart.o
         0          0          0          0          0         32   sys.o
       328         28          0         20          0       2117   system_stm32f10x.o
       344         26          0          6        200       4703   usart.o

    ----------------------------------------------------------------------
      8242       1244        596        140       5312     318609   Object Totals
         0          0         32          0          0          0   (incl. Generated)
        32          0          2          5          0          0   (incl. Padding)

    ----------------------------------------------------------------------

      Code (inc. data)   RO Data    RW Data    ZI Data      Debug   Library Member Name

         8          0          0          0          0         68   __main.o
        40          0          0          0          0         84   __printf_nopercent.o
         0          0          0          0          0          0   __rtentry.o
        12          0          0          0          0          0   __rtentry2.o
         6          0          0          0          0          0   __rtentry4.o
        52          8          0          0          0          0   __scatter.o
        26          0          0          0          0          0   __scatter_copy.o
        28          0          0          0          0          0   __scatter_zi.o
        48          6          0          0          0         96   _printf_char_common.o
        36          4          0          0          0         80   _printf_char_file.o
        10          0          0          0          0         68   defsig_exit.o
        50          0          0          0          0         88   defsig_general.o
        80         58          0          0          0         76   defsig_rtmem_inner.o
        14          0          0          0          0         80   defsig_rtmem_outer.o
        18          0          0          0          0         80   exit.o
         8          0          0          0          0         68   ferror.o
        94          0          0          0          0         80   h1_alloc.o
        52          0          0          0          0         68   h1_extend.o
        78          0          0          0          0         80   h1_free.o
        14          0          0          0          0         84   h1_init.o
         6          0          0          0          0        152   heapauxi.o
         4          0          0          0          0        136   hguard.o
       138          0          0          0          0        168   init_alloc.o
         2          0          0          0          0          0   libinit.o
        10          0          0          0          0          0   libinit2.o
         2          0          0          0          0          0   libshutdown.o
         2          0          0          0          0          0   libshutdown2.o
         8          4          0          0         96         68   libspace.o
         0          0          0          0          0          0   maybetermalloc1.o
        24          4          0          0          0         84   noretval__2printf.o
         8          4          0          0          0         68   rt_heap_descriptor_intlibspace.o
         2          0          0          0          0          0   rtexit.o
        10          0          0          0          0          0   rtexit2.o
        74          0          0          0          0         80   sys_stackheap_outer.o
         2          0          0          0          0         68   use_no_semi.o
         2          0          0          0          0         68   use_no_semi_2.o

    ----------------------------------------------------------------------
       974         88          0          0        100       1992   Library Totals
         6          0          0          0          4          0   (incl. Padding)

    ----------------------------------------------------------------------

      Code (inc. data)   RO Data    RW Data    ZI Data      Debug   Library Name

       968         88          0          0         96       1992   c_w.l

    ----------------------------------------------------------------------
       974         88          0          0        100       1992   Library Totals

    ----------------------------------------------------------------------

==============================================================================


      Code (inc. data)   RO Data    RW Data    ZI Data      Debug   

      9216       1332        596        140       5412     315397   Grand Totals
      9216       1332        596        140       5412     315397   ELF Image Totals
      9216       1332        596        140          0          0   ROM Totals

==============================================================================

    Total RO  Size (Code + RO Data)                 9812 (   9.58kB)
    Total RW  Size (RW Data + ZI Data)              5552 (   5.42kB)
    Total ROM Size (Code + RO Data + RW Data)       9952 (   9.72kB)

==============================================================================

